Component: Arm Compiler for Embedded 6.24 Tool: armlink [5f371500]

==============================================================================

Section Cross References

    main.o(.text.main) refers to board.o(.text.board_init) for board_init
    main.o(.text.main) refers to protocol.o(.text.proto_init) for proto_init
    main.o(.text.main) refers to board.o(.text.board_millis) for board_millis
    main.o(.text.main) refers to imu.o(.text.imu_init) for imu_init
    main.o(.text.main) refers to board.o(.text.board_log) for board_log
    main.o(.text.main) refers to board.o(.text.board_bus_take_fault) for board_bus_take_fault
    main.o(.text.main) refers to protocol.o(.text.proto_reset_receiver) for proto_reset_receiver
    main.o(.text.main) refers to protocol.o(.text.proto_feed) for proto_feed
    main.o(.text.main) refers to board.o(.text.board_bus_pop) for board_bus_pop
    main.o(.text.main) refers to board.o(.text.board_micros) for board_micros
    main.o(.text.main) refers to protocol.o(.text.proto_poll) for proto_poll
    main.o(.text.main) refers to imu.o(.text.imu_poll) for imu_poll
    main.o(.text.main) refers to board.o(.text.board_log_getchar) for board_log_getchar
    main.o(.text.main) refers to imu.o(.text.imu_request_reinit) for imu_request_reinit
    main.o(.text.main) refers to imu.o(.text.imu_get_snapshot) for imu_get_snapshot
    main.o(.text.main) refers to printf8.o(i.__0snprintf$8) for __2snprintf
    main.o(.text.main) refers to board.o(.text.board_watchdog_feed) for board_watchdog_feed
    main.o(.text.main) refers to main.o(.bss.protocol) for [Anonymous Symbol]
    main.o(.text.main) refers to control_table.o(.text.control_table_read) for control_table_read
    main.o(.text.main) refers to control_table.o(.text.control_table_write) for control_table_write
    main.o(.text.main) refers to main.o(.text.send_packet) for send_packet
    main.o(.text.main) refers to main.o(.rodata.str1.1) for [Anonymous Symbol]
    main.o(.text.main) refers to board.o(.bss..L_MergedGlobals) for board_diagnostics
    main.o(.ARM.exidx.text.main) refers to main.o(.text.main) for [Anonymous Symbol]
    main.o(.text.send_packet) refers to board.o(.text.board_bus_send) for board_bus_send
    main.o(.ARM.exidx.text.send_packet) refers to main.o(.text.send_packet) for [Anonymous Symbol]
    board.o(.text.board_init) refers to board.o(.text.wait_bits) for wait_bits
    board.o(.text.board_init) refers to system_stm32g0xx.o(.text.SystemCoreClockUpdate) for SystemCoreClockUpdate
    board.o(.text.board_init) refers to uidiv_div0.o(.text) for __aeabi_uidiv
    board.o(.text.board_init) refers to board.o(.text.spi_init) for spi_init
    board.o(.text.board_init) refers to board.o(.bss..L_MergedGlobals) for [Anonymous Symbol]
    board.o(.text.board_init) refers to system_stm32g0xx.o(.data.SystemCoreClock) for SystemCoreClock
    board.o(.ARM.exidx.text.board_init) refers to board.o(.text.board_init) for [Anonymous Symbol]
    board.o(.ARM.exidx.text.spi_init) refers to board.o(.text.spi_init) for [Anonymous Symbol]
    board.o(.ARM.exidx.text.wait_bits) refers to board.o(.text.wait_bits) for [Anonymous Symbol]
    board.o(.text.SysTick_Handler) refers to board.o(.bss.tick_ms) for [Anonymous Symbol]
    board.o(.ARM.exidx.text.SysTick_Handler) refers to board.o(.text.SysTick_Handler) for [Anonymous Symbol]
    board.o(.text.board_millis) refers to board.o(.bss.tick_ms) for [Anonymous Symbol]
    board.o(.ARM.exidx.text.board_millis) refers to board.o(.text.board_millis) for [Anonymous Symbol]
    board.o(.ARM.exidx.text.board_micros) refers to board.o(.text.board_micros) for [Anonymous Symbol]
    board.o(.text.board_delay_ms) refers to board.o(.bss.tick_ms) for [Anonymous Symbol]
    board.o(.ARM.exidx.text.board_delay_ms) refers to board.o(.text.board_delay_ms) for [Anonymous Symbol]
    board.o(.ARM.exidx.text.board_watchdog_feed) refers to board.o(.text.board_watchdog_feed) for [Anonymous Symbol]
    board.o(.text.board_spi_read) refers to board.o(.text.spi_transfer) for spi_transfer
    board.o(.ARM.exidx.text.board_spi_read) refers to board.o(.text.board_spi_read) for [Anonymous Symbol]
    board.o(.text.spi_transfer) refers to board.o(.text.spi_byte) for spi_byte
    board.o(.text.spi_transfer) refers to board.o(.text.spi_init) for spi_init
    board.o(.text.spi_transfer) refers to board.o(.bss..L_MergedGlobals) for [Anonymous Symbol]
    board.o(.ARM.exidx.text.spi_transfer) refers to board.o(.text.spi_transfer) for [Anonymous Symbol]
    board.o(.text.board_spi_write) refers to board.o(.text.spi_transfer) for spi_transfer
    board.o(.ARM.exidx.text.board_spi_write) refers to board.o(.text.board_spi_write) for [Anonymous Symbol]
    board.o(.text.USART2_IRQHandler) refers to board.o(.bss..L_MergedGlobals) for [Anonymous Symbol]
    board.o(.text.USART2_IRQHandler) refers to board.o(.bss.bus_rx) for [Anonymous Symbol]
[...]
    Removing lsm6dsv16x_reg.o(.text.lsm6dsv16x_act_mode_get), (36 bytes).
    Removing lsm6dsv16x_reg.o(.ARM.exidx.text.lsm6dsv16x_act_mode_get), (8 bytes).
    Removing lsm6dsv16x_reg.o(.text.lsm6dsv16x_act_from_sleep_to_act_dur_set), (56 bytes).
    Removing lsm6dsv16x_reg.o(.ARM.exidx.text.lsm6dsv16x_act_from_sleep_to_act_dur_set), (8 bytes).
    Removing lsm6dsv16x_reg.o(.text.lsm6dsv16x_act_from_sleep_to_act_dur_get), (36 bytes).
    Removing lsm6dsv16x_reg.o(.ARM.exidx.text.lsm6dsv16x_act_from_sleep_to_act_dur_get), (8 bytes).
    Removing lsm6dsv16x_reg.o(.text.lsm6dsv16x_act_sleep_xl_odr_set), (56 bytes).
    Removing lsm6dsv16x_reg.o(.ARM.exidx.text.lsm6dsv16x_act_sleep_xl_odr_set), (8 bytes).
    Removing lsm6dsv16x_reg.o(.text.lsm6dsv16x_act_sleep_xl_odr_get), (34 bytes).
    Removing lsm6dsv16x_reg.o(.ARM.exidx.text.lsm6dsv16x_act_sleep_xl_odr_get), (8 bytes).
    Removing lsm6dsv16x_reg.o(.text.lsm6dsv16x_act_thresholds_set), (232 bytes).
    Removing lsm6dsv16x_reg.o(.ARM.exidx.text.lsm6dsv16x_act_thresholds_set), (8 bytes).
    Removing lsm6dsv16x_reg.o(.text.lsm6dsv16x_act_thresholds_get), (140 bytes).
    Removing lsm6dsv16x_reg.o(.ARM.exidx.text.lsm6dsv16x_act_thresholds_get), (8 bytes).
    Removing lsm6dsv16x_reg.o(.text.lsm6dsv16x_act_wkup_time_windows_set), (62 bytes).
    Removing lsm6dsv16x_reg.o(.ARM.exidx.text.lsm6dsv16x_act_wkup_time_windows_set), (8 bytes).
    Removing lsm6dsv16x_reg.o(.text.lsm6dsv16x_act_wkup_time_windows_get), (48 bytes).
    Removing lsm6dsv16x_reg.o(.ARM.exidx.text.lsm6dsv16x_act_wkup_time_windows_get), (8 bytes).
    Removing lsm6dsv16x_reg.o(.rodata.cst8), (8 bytes).
    Removing system_stm32g0xx.o(.text), (0 bytes).
    Removing system_stm32g0xx.o(.ARM.exidx.text.SystemInit), (8 bytes).
    Removing system_stm32g0xx.o(.ARM.exidx.text.SystemCoreClockUpdate), (8 bytes).
    Removing system_stm32g0xx.o(.rodata.APBPrescTable), (32 bytes).
    Removing startup_stm32g031xx.o(HEAP), (0 bytes).
    Removing fdiv.o(.text), (124 bytes).
    Removing fcmple.o(.text), (28 bytes).
    Removing fcmpge.o(.text), (28 bytes).
    Removing fflti.o(.text), (22 bytes).
    Removing ffltui.o(.text), (14 bytes).
    Removing ffixi.o(.text), (50 bytes).
    Removing dadd.o(.text), (356 bytes).
    Removing dmul.o(.text), (208 bytes).
    Removing ddiv.o(.text), (240 bytes).
    Removing dfixul.o(.text), (64 bytes).
    Removing cdrcmple.o(.text), (40 bytes).
    Removing depilogue.o(.text), (190 bytes).
    Removing depilogue.o(i.__ARM_clz), (46 bytes).

676 unused section(s) (total 23524 bytes) removed from the image.

==============================================================================

Image Stack Usage Information.

Maximum stack usage for Image.

Maximum Stack Usage for main 0x230 bytes.
Call chain for maximum stack usage:
main => proto_feed => reply_read => make_status => proto_crc16

Maximum stack usage per global function.

Maximum Stack Usage for __aeabi_fadd 0x24 bytes.
Call chain for maximum stack usage:
__aeabi_fadd => _float_epilogue

Maximum Stack Usage for __aeabi_fmul 0x10 bytes.
Call chain for maximum stack usage:
__aeabi_fmul

Maximum Stack Usage for _float_epilogue 0xc bytes.
Call chain for maximum stack usage:
_float_epilogue

Maximum Stack Usage for SystemCoreClockUpdate 0x18 bytes.
Call chain for maximum stack usage:
SystemCoreClockUpdate => __aeabi_uidiv

Maximum Stack Usage for USART2_IRQHandler 0x8 bytes.
Call chain for maximum stack usage:
USART2_IRQHandler

Maximum Stack Usage for board_bus_pop 0x8 bytes.
Call chain for maximum stack usage:
board_bus_pop

Maximum Stack Usage for board_bus_send 0x40 bytes.
Call chain for maximum stack usage:
board_bus_send => __aeabi_uidiv

Maximum Stack Usage for board_init 0x60 bytes.
Call chain for maximum stack usage:
board_init => SystemCoreClockUpdate => __aeabi_uidiv

Maximum Stack Usage for board_log 0x10 bytes.
Call chain for maximum stack usage:
board_log

Maximum Stack Usage for board_spi_read 0x38 bytes.
Call chain for maximum stack usage:
board_spi_read => spi_transfer => spi_byte

Maximum Stack Usage for board_spi_write 0x38 bytes.
Call chain for maximum stack usage:
board_spi_write => spi_transfer => spi_byte

Maximum Stack Usage for control_table_read 0x178 bytes.
Call chain for maximum stack usage:
control_table_read => imu_get_snapshot => __aeabi_memcpy

Maximum Stack Usage for control_table_write 0x8 bytes.
Call chain for maximum stack usage:
control_table_write

Maximum Stack Usage for imu_get_snapshot 0x10 bytes.
Call chain for maximum stack usage:
imu_get_snapshot => __aeabi_memcpy

Maximum Stack Usage for imu_init 0x10 bytes.
Call chain for maximum stack usage:
imu_init

Maximum Stack Usage for imu_poll 0x80 bytes.
Call chain for maximum stack usage:
imu_poll => lsm6dsv16x_fifo_sflp_batch_set => lsm6dsv16x_mem_bank_set => lsm6dsv16x_write_reg

Maximum Stack Usage for lsm6dsv16x_auto_increment_set 0x28 bytes.
Call chain for maximum stack usage:
lsm6dsv16x_auto_increment_set => lsm6dsv16x_write_reg

Maximum Stack Usage for lsm6dsv16x_block_data_update_set 0x28 bytes.
Call chain for maximum stack usage:
lsm6dsv16x_block_data_update_set => lsm6dsv16x_write_reg

Maximum Stack Usage for lsm6dsv16x_device_id_get 0x18 bytes.
Call chain for maximum stack usage:
lsm6dsv16x_device_id_get => lsm6dsv16x_read_reg

Maximum Stack Usage for lsm6dsv16x_fifo_gy_batch_set 0x28 bytes.
Call chain for maximum stack usage:
lsm6dsv16x_fifo_gy_batch_set => lsm6dsv16x_write_reg

Maximum Stack Usage for lsm6dsv16x_fifo_mode_set 0x28 bytes.
Call chain for maximum stack usage:
lsm6dsv16x_fifo_mode_set => lsm6dsv16x_write_reg

Maximum Stack Usage for lsm6dsv16x_fifo_out_raw_get 0x28 bytes.
Call chain for maximum stack usage:
lsm6dsv16x_fifo_out_raw_get => lsm6dsv16x_read_reg

Maximum Stack Usage for lsm6dsv16x_fifo_sflp_batch_set 0x40 bytes.
Call chain for maximum stack usage:
lsm6dsv16x_fifo_sflp_batch_set => lsm6dsv16x_mem_bank_set => lsm6dsv16x_write_reg

Maximum Stack Usage for lsm6dsv16x_fifo_status_get 0x28 bytes.
Call chain for maximum stack usage:
lsm6dsv16x_fifo_status_get => lsm6dsv16x_read_reg

Maximum Stack Usage for lsm6dsv16x_fifo_watermark_set 0x20 bytes.
Call chain for maximum stack usage:
lsm6dsv16x_fifo_watermark_set => lsm6dsv16x_write_reg

Maximum Stack Usage for lsm6dsv16x_fifo_xl_batch_set 0x28 bytes.
Call chain for maximum stack usage:
lsm6dsv16x_fifo_xl_batch_set => lsm6dsv16x_write_reg

Maximum Stack Usage for lsm6dsv16x_from_f16_to_f32 0x8 bytes.
Call chain for maximum stack usage:
lsm6dsv16x_from_f16_to_f32

Maximum Stack Usage for lsm6dsv16x_gy_data_rate_get 0x38 bytes.
Call chain for maximum stack usage:
lsm6dsv16x_gy_data_rate_get => lsm6dsv16x_read_reg

Maximum Stack Usage for lsm6dsv16x_gy_data_rate_set 0x28 bytes.
Call chain for maximum stack usage:
lsm6dsv16x_gy_data_rate_set => lsm6dsv16x_write_reg

Maximum Stack Usage for lsm6dsv16x_gy_full_scale_get 0x28 bytes.
Call chain for maximum stack usage:
lsm6dsv16x_gy_full_scale_get => lsm6dsv16x_read_reg

Maximum Stack Usage for lsm6dsv16x_gy_full_scale_set 0x28 bytes.
Call chain for maximum stack usage:
lsm6dsv16x_gy_full_scale_set => lsm6dsv16x_write_reg

Maximum Stack Usage for lsm6dsv16x_mem_bank_set 0x28 bytes.
Call chain for maximum stack usage:
lsm6dsv16x_mem_bank_set => lsm6dsv16x_write_reg

Maximum Stack Usage for lsm6dsv16x_read_reg 0x10 bytes.
Call chain for maximum stack usage:
lsm6dsv16x_read_reg

Maximum Stack Usage for lsm6dsv16x_sflp_data_rate_set 0x40 bytes.
Call chain for maximum stack usage:
lsm6dsv16x_sflp_data_rate_set => lsm6dsv16x_mem_bank_set => lsm6dsv16x_write_reg

Maximum Stack Usage for lsm6dsv16x_sflp_game_rotation_get 0x40 bytes.
Call chain for maximum stack usage:
lsm6dsv16x_sflp_game_rotation_get => lsm6dsv16x_mem_bank_set => lsm6dsv16x_write_reg

Maximum Stack Usage for lsm6dsv16x_sflp_game_rotation_set 0x40 bytes.
Call chain for maximum stack usage:
lsm6dsv16x_sflp_game_rotation_set => lsm6dsv16x_mem_bank_set => lsm6dsv16x_write_reg

Maximum Stack Usage for lsm6dsv16x_write_reg 0x10 bytes.
Call chain for maximum stack usage:
lsm6dsv16x_write_reg

Maximum Stack Usage for lsm6dsv16x_xl_data_rate_get 0x38 bytes.
Call chain for maximum stack usage:
lsm6dsv16x_xl_data_rate_get => lsm6dsv16x_read_reg

Maximum Stack Usage for lsm6dsv16x_xl_data_rate_set 0x28 bytes.
Call chain for maximum stack usage:
lsm6dsv16x_xl_data_rate_set => lsm6dsv16x_write_reg

Maximum Stack Usage for lsm6dsv16x_xl_full_scale_get 0x20 bytes.
Call chain for maximum stack usage:
lsm6dsv16x_xl_full_scale_get => lsm6dsv16x_read_reg

Maximum Stack Usage for lsm6dsv16x_xl_full_scale_set 0x28 bytes.
Call chain for maximum stack usage:
lsm6dsv16x_xl_full_scale_set => lsm6dsv16x_write_reg

Maximum Stack Usage for main 0x230 bytes.
Call chain for maximum stack usage:
main => proto_feed => reply_read => make_status => proto_crc16

Maximum Stack Usage for proto_crc16 0x10 bytes.
Call chain for maximum stack usage:
proto_crc16

Maximum Stack Usage for proto_feed 0xa0 bytes.
Call chain for maximum stack usage:
proto_feed => reply_read => make_status => proto_crc16

Maximum Stack Usage for proto_init 0x18 bytes.
Call chain for maximum stack usage:
proto_init

Maximum Stack Usage for proto_poll 0x18 bytes.
Call chain for maximum stack usage:
proto_poll

Maximum Stack Usage for proto_reset_receiver 0x8 bytes.
Call chain for maximum stack usage:
proto_reset_receiver

Stack Usage for functions.

Stack Usage for __main unknown bytes.
Stack Usage for _main_stk unknown bytes.
Stack Usage for _main_scatterload unknown bytes.
Stack Usage for __main_after_scatterload unknown bytes.
Stack Usage for _main_clock unknown bytes.
Stack Usage for _main_cpp_init unknown bytes.
Stack Usage for _main_init unknown bytes.
Stack Usage for __rt_final_cpp unknown bytes.
Stack Usage for __rt_final_exit unknown bytes.
Stack Usage for Reset_Handler 0x0 bytes.
Stack Usage for NMI_Handler 0x0 bytes.
Stack Usage for HardFault_Handler 0x0 bytes.
Stack Usage for SVC_Handler 0x0 bytes.
Stack Usage for PendSV_Handler 0x0 bytes.
Stack Usage for ADC1_IRQHandler 0x0 bytes.
Stack Usage for DMA1_Ch4_5_DMAMUX1_OVR_IRQHandler 0x0 bytes.
Stack Usage for DMA1_Channel1_IRQHandler 0x0 bytes.
Stack Usage for DMA1_Channel2_3_IRQHandler 0x0 bytes.
Stack Usage for EXTI0_1_IRQHandler 0x0 bytes.
Stack Usage for EXTI2_3_IRQHandler 0x0 bytes.
Stack Usage for EXTI4_15_IRQHandler 0x0 bytes.
Stack Usage for FLASH_IRQHandler 0x0 bytes.
Stack Usage for I2C1_IRQHandler 0x0 bytes.
Stack Usage for I2C2_IRQHandler 0x0 bytes.
Stack Usage for LPTIM1_IRQHandler 0x0 bytes.
Stack Usage for LPTIM2_IRQHandler 0x0 bytes.
Stack Usage for LPUART1_IRQHandler 0x0 bytes.
Stack Usage for PVD_IRQHandler 0x0 bytes.
Stack Usage for RCC_IRQHandler 0x0 bytes.
Stack Usage for RTC_TAMP_IRQHandler 0x0 bytes.
Stack Usage for SPI1_IRQHandler 0x0 bytes.
Stack Usage for SPI2_IRQHandler 0x0 bytes.
Stack Usage for TIM14_IRQHandler 0x0 bytes.
Stack Usage for TIM16_IRQHandler 0x0 bytes.
Stack Usage for TIM17_IRQHandler 0x0 bytes.
Stack Usage for TIM1_BRK_UP_TRG_COM_IRQHandler 0x0 bytes.
Stack Usage for TIM1_CC_IRQHandler 0x0 bytes.
Stack Usage for TIM2_IRQHandler 0x0 bytes.
Stack Usage for TIM3_IRQHandler 0x0 bytes.
Stack Usage for WWDG_IRQHandler 0x0 bytes.
Stack Usage for ___aeabi_memcpy4$move 0x8 bytes.
Stack Usage for ___aeabi_memcpy8$move 0x8 bytes.
Stack Usage for __aeabi_memcpy 0x8 bytes.
Stack Usage for __aeabi_memmove 0x8 bytes.
Stack Usage for __aeabi_memmove4 0x8 bytes.
Stack Usage for __aeabi_memmove8 0x8 bytes.
Stack Usage for __aeabi_memset 0x0 bytes.
Stack Usage for __aeabi_memset4 0x0 bytes.
Stack Usage for __aeabi_memset8 0x0 bytes.
Stack Usage for __aeabi_memclr 0x0 bytes.
Stack Usage for __aeabi_memclr4 0x0 bytes.
Stack Usage for __aeabi_memclr8 0x0 bytes.
Stack Usage for _memset$wrapper 0x8 bytes.
Stack Usage for memcmp 0xc bytes.
Stack Usage for __aeabi_fadd 0x18 bytes.
Stack Usage for __aeabi_fsub 0x0 bytes.
Stack Usage for __aeabi_frsub 0x0 bytes.
Stack Usage for __aeabi_fmul 0x10 bytes.
Stack Usage for __aeabi_fcmpgt 0x0 bytes.
Stack Usage for __aeabi_uidiv 0x10 bytes.
Stack Usage for __aeabi_uidivmod 0x10 bytes.
Stack Usage for __aeabi_uldivmod 0x30 bytes.
Stack Usage for __I$use$fp 0x0 bytes.
Stack Usage for _float_round 0x0 bytes.
Stack Usage for _float_epilogue 0xc bytes.
Stack Usage for __scatterload 0x0 bytes.
Stack Usage for __scatterload_rt2 0x0 bytes.
Stack Usage for __aeabi_llsl 0x8 bytes.
Stack Usage for _ll_shift_l 0x8 bytes.
Stack Usage for __aeabi_llsr 0x8 bytes.
Stack Usage for _ll_ushift_r 0x8 bytes.
Stack Usage for SysTick_Handler 0x0 bytes.
Stack Usage for SystemCoreClockUpdate 0x8 bytes.
Stack Usage for SystemInit 0x0 bytes.
Stack Usage for USART1_IRQHandler 0x0 bytes.
Stack Usage for USART2_IRQHandler 0x8 bytes.
Stack Usage for board_bus_pop 0x8 bytes.
Stack Usage for board_bus_send 0x30 bytes.
Stack Usage for board_bus_take_fault 0x0 bytes.
Stack Usage for board_delay_ms 0x0 bytes.
Stack Usage for board_init 0x48 bytes.
Stack Usage for board_log 0x10 bytes.
Stack Usage for board_log_getchar 0x0 bytes.
Stack Usage for board_micros 0x0 bytes.
Stack Usage for board_millis 0x0 bytes.
Stack Usage for board_spi_read 0x8 bytes.
Stack Usage for board_spi_write 0x8 bytes.
Stack Usage for board_watchdog_feed 0x0 bytes.
Stack Usage for control_table_read 0x168 bytes.
Stack Usage for control_table_write 0x8 bytes.
Stack Usage for imu_get_snapshot 0x8 bytes.
Stack Usage for imu_init 0x10 bytes.
Stack Usage for imu_poll 0x40 bytes.
Stack Usage for imu_request_reinit 0x0 bytes.
Stack Usage for lsm6dsv16x_auto_increment_set 0x18 bytes.
Stack Usage for lsm6dsv16x_block_data_update_set 0x18 bytes.
Stack Usage for lsm6dsv16x_device_id_get 0x8 bytes.
Stack Usage for lsm6dsv16x_fifo_gy_batch_set 0x18 bytes.
Stack Usage for lsm6dsv16x_fifo_mode_set 0x18 bytes.
Stack Usage for lsm6dsv16x_fifo_out_raw_get 0x18 bytes.
Stack Usage for lsm6dsv16x_fifo_sflp_batch_set 0x18 bytes.
Stack Usage for lsm6dsv16x_fifo_status_get 0x18 bytes.
Stack Usage for lsm6dsv16x_fifo_watermark_set 0x10 bytes.
Stack Usage for lsm6dsv16x_fifo_xl_batch_set 0x18 bytes.
Stack Usage for lsm6dsv16x_from_f16_to_f32 0x8 bytes.
Stack Usage for lsm6dsv16x_gy_data_rate_get 0x28 bytes.
Stack Usage for lsm6dsv16x_gy_data_rate_set 0x18 bytes.
Stack Usage for lsm6dsv16x_gy_full_scale_get 0x18 bytes.
Stack Usage for lsm6dsv16x_gy_full_scale_set 0x18 bytes.
Stack Usage for lsm6dsv16x_mem_bank_set 0x18 bytes.
Stack Usage for lsm6dsv16x_read_reg 0x10 bytes.
Stack Usage for lsm6dsv16x_sflp_data_rate_set 0x18 bytes.
Stack Usage for lsm6dsv16x_sflp_game_rotation_get 0x18 bytes.
Stack Usage for lsm6dsv16x_sflp_game_rotation_set 0x18 bytes.
Stack Usage for lsm6dsv16x_write_reg 0x10 bytes.
Stack Usage for lsm6dsv16x_xl_data_rate_get 0x28 bytes.
Stack Usage for lsm6dsv16x_xl_data_rate_set 0x18 bytes.
Stack Usage for lsm6dsv16x_xl_full_scale_get 0x10 bytes.
Stack Usage for lsm6dsv16x_xl_full_scale_set 0x18 bytes.
Stack Usage for main 0x190 bytes.
Stack Usage for proto_crc16 0x10 bytes.
Stack Usage for proto_feed 0x38 bytes.
Stack Usage for proto_init 0x18 bytes.
Stack Usage for proto_poll 0x18 bytes.
Stack Usage for proto_reset_receiver 0x8 bytes.
Stack Usage for __0snprintf$8 0x28 bytes.
Stack Usage for __1snprintf$8 0x28 bytes.
Stack Usage for __2snprintf 0x28 bytes.
Stack Usage for __scatterload_copy unknown bytes.
Stack Usage for __scatterload_null unknown bytes.
Stack Usage for __scatterload_zeroinit unknown bytes.
Stack Usage for send_packet 0x8 bytes.
Stack Usage for wait_bits 0x8 bytes.
Stack Usage for spi_init 0x0 bytes.
Stack Usage for spi_transfer 0x20 bytes.
Stack Usage for spi_byte 0x10 bytes.
Stack Usage for put32 0x0 bytes.
Stack Usage for start_boot 0x0 bytes.
Stack Usage for platform_read 0x8 bytes.
Stack Usage for platform_write 0x8 bytes.
Stack Usage for fail 0x8 bytes.
Stack Usage for cancel_reply 0x0 bytes.
Stack Usage for write_table 0x10 bytes.
Stack Usage for valid_id_list 0x20 bytes.
Stack Usage for reply_error 0x10 bytes.
Stack Usage for make_status 0x18 bytes.
Stack Usage for reply_read 0x40 bytes.
Stack Usage for _printf_core 0x68 bytes.
Stack Usage for _printf_post_padding 0x18 bytes.
Stack Usage for _printf_pre_padding 0x28 bytes.
Stack Usage for _snputc 0x0 bytes.

Potential Stack Usage Inaccuracies.

Mutually recursive functions.

 * NMI_Handler => NMI_Handler
 * HardFault_Handler => HardFault_Handler
 * SVC_Handler => SVC_Handler
 * PendSV_Handler => PendSV_Handler
 * ADC1_IRQHandler => ADC1_IRQHandler

Untraceable function pointers.

 * ADC1_IRQHandler from startup_stm32g031xx.o(.text) referenced from startup_stm32g031xx.o(RESET)
 * DMA1_Ch4_5_DMAMUX1_OVR_IRQHandler from startup_stm32g031xx.o(.text) referenced from startup_stm32g031xx.o(RESET)
 * DMA1_Channel1_IRQHandler from startup_stm32g031xx.o(.text) referenced from startup_stm32g031xx.o(RESET)
 * DMA1_Channel2_3_IRQHandler from startup_stm32g031xx.o(.text) referenced from startup_stm32g031xx.o(RESET)
 * EXTI0_1_IRQHandler from startup_stm32g031xx.o(.text) referenced from startup_stm32g031xx.o(RESET)
 * EXTI2_3_IRQHandler from startup_stm32g031xx.o(.text) referenced from startup_stm32g031xx.o(RESET)
 * EXTI4_15_IRQHandler from startup_stm32g031xx.o(.text) referenced from startup_stm32g031xx.o(RESET)
 * FLASH_IRQHandler from startup_stm32g031xx.o(.text) referenced from startup_stm32g031xx.o(RESET)
 * HardFault_Handler from startup_stm32g031xx.o(.text) referenced from startup_stm32g031xx.o(RESET)
 * I2C1_IRQHandler from startup_stm32g031xx.o(.text) referenced from startup_stm32g031xx.o(RESET)
 * I2C2_IRQHandler from startup_stm32g031xx.o(.text) referenced from startup_stm32g031xx.o(RESET)
 * LPTIM1_IRQHandler from startup_stm32g031xx.o(.text) referenced from startup_stm32g031xx.o(RESET)
 * LPTIM2_IRQHandler from startup_stm32g031xx.o(.text) referenced from startup_stm32g031xx.o(RESET)
 * LPUART1_IRQHandler from startup_stm32g031xx.o(.text) referenced from startup_stm32g031xx.o(RESET)
 * NMI_Handler from startup_stm32g031xx.o(.text) referenced from startup_stm32g031xx.o(RESET)
 * PVD_IRQHandler from startup_stm32g031xx.o(.text) referenced from startup_stm32g031xx.o(RESET)
 * PendSV_Handler from startup_stm32g031xx.o(.text) referenced from startup_stm32g031xx.o(RESET)
 * RCC_IRQHandler from startup_stm32g031xx.o(.text) referenced from startup_stm32g031xx.o(RESET)
 * RTC_TAMP_IRQHandler from startup_stm32g031xx.o(.text) referenced from startup_stm32g031xx.o(RESET)
 * Reset_Handler from startup_stm32g031xx.o(.text) referenced from startup_stm32g031xx.o(RESET)
 * SPI1_IRQHandler from startup_stm32g031xx.o(.text) referenced from startup_stm32g031xx.o(RESET)
 * SPI2_IRQHandler from startup_stm32g031xx.o(.text) referenced from startup_stm32g031xx.o(RESET)
 * SVC_Handler from startup_stm32g031xx.o(.text) referenced from startup_stm32g031xx.o(RESET)
 * SysTick_Handler from board.o(.text.SysTick_Handler) referenced from startup_stm32g031xx.o(RESET)
 * SystemInit from system_stm32g0xx.o(.text.SystemInit) referenced from startup_stm32g031xx.o(.text)
 * TIM14_IRQHandler from startup_stm32g031xx.o(.text) referenced from startup_stm32g031xx.o(RESET)
 * TIM16_IRQHandler from startup_stm32g031xx.o(.text) referenced from startup_stm32g031xx.o(RESET)
 * TIM17_IRQHandler from startup_stm32g031xx.o(.text) referenced from startup_stm32g031xx.o(RESET)
 * TIM1_BRK_UP_TRG_COM_IRQHandler from startup_stm32g031xx.o(.text) referenced from startup_stm32g031xx.o(RESET)
 * TIM1_CC_IRQHandler from startup_stm32g031xx.o(.text) referenced from startup_stm32g031xx.o(RESET)
 * TIM2_IRQHandler from startup_stm32g031xx.o(.text) referenced from startup_stm32g031xx.o(RESET)
 * TIM3_IRQHandler from startup_stm32g031xx.o(.text) referenced from startup_stm32g031xx.o(RESET)
 * USART1_IRQHandler from board.o(.text.USART1_IRQHandler) referenced from startup_stm32g031xx.o(RESET)
 * USART2_IRQHandler from board.o(.text.USART2_IRQHandler) referenced from startup_stm32g031xx.o(RESET)
 * WWDG_IRQHandler from startup_stm32g031xx.o(.text) referenced from startup_stm32g031xx.o(RESET)
 * __main from entry.o(.ARM.Collect$$$$00000000) referenced from startup_stm32g031xx.o(.text)
 * _snputc from printf8.o(i._snputc) referenced from printf8.o(i.__0snprintf$8)
 * board_delay_ms from board.o(.text.board_delay_ms) referenced from imu.o(.text.imu_init)
 * board_millis from board.o(.text.board_millis) referenced from control_table.o(.text.control_table_read)
 * control_table_read from control_table.o(.text.control_table_read) referenced from main.o(.text.main)
 * control_table_write from control_table.o(.text.control_table_write) referenced from main.o(.text.main)
 * main from main.o(.text.main) referenced from entry9a.o(.ARM.Collect$$$$0000000B)
 * platform_read from imu.o(.text.platform_read) referenced from imu.o(.text.imu_init)
 * platform_write from imu.o(.text.platform_write) referenced from imu.o(.text.imu_init)
 * put32 from control_table.o(.text.put32) referenced from control_table.o(.text.control_table_read)
 * send_packet from main.o(.text.send_packet) referenced from main.o(.text.main)
 * wait_bits from board.o(.text.wait_bits) referenced from board.o(.text.board_init)

==============================================================================

Image Symbol Table

    Local Symbols

    Symbol Name                              Value     Ov Type        Size  Object(Section)

    ../clib/division.s                       0x00000000   Number         0  aeabi_sdiv.o ABSOLUTE
    ../clib/division.s                       0x00000000   Number         0  aeabi_sdiv_div0.o ABSOLUTE
    ../clib/microlib/division.c              0x00000000   Number         0  uidiv.o ABSOLUTE
    ../clib/microlib/division.c              0x00000000   Number         0  uidiv_div0.o ABSOLUTE
    ../clib/microlib/division.c              0x00000000   Number         0  idiv_div0.o ABSOLUTE
    ../clib/microlib/division.c              0x00000000   Number         0  idiv0.o ABSOLUTE
    ../clib/microlib/division.c              0x00000000   Number         0  uldiv.o ABSOLUTE
    ../clib/microlib/init/entry.s            0x00000000   Number         0  entry.o ABSOLUTE
    ../clib/microlib/init/entry.s            0x00000000   Number         0  entry4.o ABSOLUTE
    ../clib/microlib/init/entry.s            0x00000000   Number         0  entry5.o ABSOLUTE
    ../clib/microlib/init/entry.s            0x00000000   Number         0  entry7a.o ABSOLUTE
    ../clib/microlib/init/entry.s            0x00000000   Number         0  entry7b.o ABSOLUTE
    ../clib/microlib/init/entry.s            0x00000000   Number         0  entry8a.o ABSOLUTE
    ../clib/microlib/init/entry.s            0x00000000   Number         0  entry8b.o ABSOLUTE
    ../clib/microlib/init/entry.s            0x00000000   Number         0  entry9a.o ABSOLUTE
    ../clib/microlib/init/entry.s            0x00000000   Number         0  entry9b.o ABSOLUTE
    ../clib/microlib/init/entry.s            0x00000000   Number         0  entry10a.o ABSOLUTE
    ../clib/microlib/init/entry.s            0x00000000   Number         0  entry10b.o ABSOLUTE
    ../clib/microlib/init/entry.s            0x00000000   Number         0  entry11a.o ABSOLUTE
    ../clib/microlib/init/entry.s            0x00000000   Number         0  entry11b.o ABSOLUTE
    ../clib/microlib/longlong.c              0x00000000   Number         0  llshl.o ABSOLUTE
    ../clib/microlib/longlong.c              0x00000000   Number         0  llushr.o ABSOLUTE
    ../clib/microlib/longlong.c              0x00000000   Number         0  llsshr.o ABSOLUTE
    ../clib/microlib/printf/printf.c         0x00000000   Number         0  printfb.o ABSOLUTE
    ../clib/microlib/printf/printf.c         0x00000000   Number         0  printf0.o ABSOLUTE
    ../clib/microlib/printf/printf.c         0x00000000   Number         0  printf1.o ABSOLUTE
    ../clib/microlib/printf/printf.c         0x00000000   Number         0  printf2.o ABSOLUTE
    ../clib/microlib/printf/printf.c         0x00000000   Number         0  printf3.o ABSOLUTE
    ../clib/microlib/printf/printf.c         0x00000000   Number         0  printf4.o ABSOLUTE
    ../clib/microlib/printf/printf.c         0x00000000   Number         0  printf5.o ABSOLUTE
    ../clib/microlib/printf/printf.c         0x00000000   Number         0  printf6.o ABSOLUTE
    ../clib/microlib/printf/printf.c         0x00000000   Number         0  printf7.o ABSOLUTE
    ../clib/microlib/printf/printf.c         0x00000000   Number         0  printf8.o ABSOLUTE
    ../clib/microlib/printf/printf.c         0x00000000   Number         0  printfa.o ABSOLUTE
    ../clib/microlib/printf/stubs.s          0x00000000   Number         0  printfstubs.o ABSOLUTE
    ../clib/microlib/stdio/fputc.c           0x00000000   Number         0  fputc.o ABSOLUTE
    ../clib/microlib/stdio/fputc.c           0x00000000   Number         0  fputc_h.o ABSOLUTE
    ../clib/microlib/stdio/semi.s            0x00000000   Number         0  semi.o ABSOLUTE
    ../clib/microlib/stdio/streams.c         0x00000000   Number         0  stdout.o ABSOLUTE
    ../clib/microlib/string/memcmp.c         0x00000000   Number         0  memcmp.o ABSOLUTE
    ../clib/microlib/string/memcpy.c         0x00000000   Number         0  memcpya.o ABSOLUTE
    ../clib/microlib/string/memcpy.c         0x00000000   Number         0  memmovea.o ABSOLUTE
    ../clib/microlib/string/memcpy.c         0x00000000   Number         0  memcpyb.o ABSOLUTE
    ../clib/microlib/string/memcpy.c         0x00000000   Number         0  memmoveb.o ABSOLUTE
    ../clib/microlib/string/memset.c         0x00000000   Number         0  memseta.o ABSOLUTE
    ../clib/microlib/stubs.s                 0x00000000   Number         0  iusefp.o ABSOLUTE
    ../clib/microlib/stubs.s                 0x00000000   Number         0  iusesemip.o ABSOLUTE
    ../fplib/microlib/fpadd.c                0x00000000   Number         0  fadd.o ABSOLUTE
    ../fplib/microlib/fpadd.c                0x00000000   Number         0  dadd.o ABSOLUTE
    ../fplib/microlib/fpcmp.c                0x00000000   Number         0  fcmple.o ABSOLUTE
    ../fplib/microlib/fpcmp.c                0x00000000   Number         0  fcmpge.o ABSOLUTE
    ../fplib/microlib/fpcmp.c                0x00000000   Number         0  fcmpgt.o ABSOLUTE
    ../fplib/microlib/fpdiv.c                0x00000000   Number         0  fdiv.o ABSOLUTE
    ../fplib/microlib/fpdiv.c                0x00000000   Number         0  ddiv.o ABSOLUTE
    ../fplib/microlib/fpepilogue.c           0x00000000   Number         0  fepilogue.o ABSOLUTE
    ../fplib/microlib/fpepilogue.c           0x00000000   Number         0  depilogue.o ABSOLUTE
    ../fplib/microlib/fpfix.c                0x00000000   Number         0  ffixi.o ABSOLUTE
    ../fplib/microlib/fpfix.c                0x00000000   Number         0  dfixul.o ABSOLUTE
    ../fplib/microlib/fpflt.c                0x00000000   Number         0  fflti.o ABSOLUTE
    ../fplib/microlib/fpflt.c                0x00000000   Number         0  ffltui.o ABSOLUTE
    ../fplib/microlib/fpmul.c                0x00000000   Number         0  fmul.o ABSOLUTE
    ../fplib/microlib/fpmul.c                0x00000000   Number         0  dmul.o ABSOLUTE
    Startup\startup_stm32g031xx.s 0x00000000   Number         0  startup_stm32g031xx.o ABSOLUTE
    board.c                                  0x00000000   Number         0  board.o ABSOLUTE
    cdrcmple.s                               0x00000000   Number         0  cdrcmple.o ABSOLUTE
    control_table.c                          0x00000000   Number         0  control_table.o ABSOLUTE
    dc.s                                     0x00000000   Number         0  dc.o ABSOLUTE
    handlers.s                               0x00000000   Number         0  handlers.o ABSOLUTE
    imu.c                                    0x00000000   Number         0  imu.o ABSOLUTE
    init.s                                   0x00000000   Number         0  init.o ABSOLUTE
    lsm6dsv16x_reg.c                         0x00000000   Number         0  lsm6dsv16x_reg.o ABSOLUTE
    main.c                                   0x00000000   Number         0  main.o ABSOLUTE
    protocol.c                               0x00000000   Number         0  protocol.o ABSOLUTE
    system_stm32g0xx.c                       0x00000000   Number         0  system_stm32g0xx.o ABSOLUTE
    RESET                                    0x08000000   Section      192  startup_stm32g031xx.o(RESET)
    .ARM.Collect$$$$00000000                 0x080000c0   Section        0  entry.o(.ARM.Collect$$$$00000000)
    .ARM.Collect$$$$00000003                 0x080000c0   Section        4  entry4.o(.ARM.Collect$$$$00000003)
    .ARM.Collect$$$$00000004                 0x080000c4   Section        4  entry5.o(.ARM.Collect$$$$00000004)
    .ARM.Collect$$$$00000008                 0x080000c8   Section        0  entry7b.o(.ARM.Collect$$$$00000008)
    .ARM.Collect$$$$0000000A                 0x080000c8   Section        0  entry8b.o(.ARM.Collect$$$$0000000A)
    .ARM.Collect$$$$0000000B                 0x080000c8   Section        8  entry9a.o(.ARM.Collect$$$$0000000B)
    __lit__00000000                          0x080000d0   Data           4  entry4.o(.ARM.Collect$$$$00002714)
    .ARM.Collect$$$$0000000D                 0x080000d0   Section        0  entry10a.o(.ARM.Collect$$$$0000000D)
    .ARM.Collect$$$$0000000F                 0x080000d0   Section        0  entry11a.o(.ARM.Collect$$$$0000000F)
    .ARM.Collect$$$$00002714                 0x080000d0   Section        4  entry4.o(.ARM.Collect$$$$00002714)
    .text                                    0x080000d4   Section       28  startup_stm32g031xx.o(.text)
    .text                                    0x080000f0   Section        0  memmovea.o(.text)
    .text                                    0x08000130   Section        0  memseta.o(.text)
    .text                                    0x08000154   Section        0  memcmp.o(.text)
    .text                                    0x0800016e   Section        0  fadd.o(.text)
    .text                                    0x08000220   Section        0  fmul.o(.text)
    .text                                    0x0800029a   Section        0  fcmpgt.o(.text)
    .text                                    0x080002b6   Section        0  uidiv_div0.o(.text)
    .text                                    0x080002f4   Section        0  uldiv.o(.text)
    .text                                    0x08000354   Section        0  iusefp.o(.text)
    .text                                    0x08000354   Section        0  fepilogue.o(.text)
    .text                                    0x080003d8   Section       48  init.o(.text)
    .text                                    0x08000408   Section        0  llshl.o(.text)
    .text                                    0x08000428   Section        0  llushr.o(.text)
    [Anonymous Symbol]                       0x0800044c   Section        0  board.o(.text.SysTick_Handler)
    [Anonymous Symbol]                       0x08000458   Section        0  system_stm32g0xx.o(.text.SystemCoreClockUpdate)
    __arm_cp.1_0                             0x080004c4   Number         4  system_stm32g0xx.o(.text.SystemCoreClockUpdate)
    __arm_cp.1_1                             0x080004c8   Number         4  system_stm32g0xx.o(.text.SystemCoreClockUpdate)
    __arm_cp.1_2                             0x080004cc   Number         4  system_stm32g0xx.o(.text.SystemCoreClockUpdate)
    __arm_cp.1_3                             0x080004d0   Number         4  system_stm32g0xx.o(.text.SystemCoreClockUpdate)
    [Anonymous Symbol]                       0x080004d4   Section        0  system_stm32g0xx.o(.text.SystemInit)
    [Anonymous Symbol]                       0x080004d8   Section        0  board.o(.text.USART1_IRQHandler)
    __arm_cp.15_0                            0x08000520   Number         4  board.o(.text.USART1_IRQHandler)
    __arm_cp.15_2                            0x08000524   Number         4  board.o(.text.USART1_IRQHandler)
    __arm_cp.15_3                            0x08000528   Number         4  board.o(.text.USART1_IRQHandler)
    [Anonymous Symbol]                       0x0800052c   Section        0  board.o(.text.USART2_IRQHandler)
    [Anonymous Symbol]                       0x08000588   Section        0  board.o(.text.board_bus_pop)
    __arm_cp.12_1                            0x080005bc   Number         4  board.o(.text.board_bus_pop)
    __arm_cp.12_2                            0x080005c0   Number         4  board.o(.text.board_bus_pop)
    [Anonymous Symbol]                       0x080005c4   Section        0  board.o(.text.board_bus_send)
    __arm_cp.14_0                            0x080006d0   Number         4  board.o(.text.board_bus_send)
    __arm_cp.14_2                            0x080006d4   Number         4  board.o(.text.board_bus_send)
    __arm_cp.14_3                            0x080006d8   Number         4  board.o(.text.board_bus_send)
    __arm_cp.14_4                            0x080006dc   Number         4  board.o(.text.board_bus_send)
    __arm_cp.14_5                            0x080006e0   Number         4  board.o(.text.board_bus_send)
    __arm_cp.14_6                            0x080006e4   Number         4  board.o(.text.board_bus_send)
    __arm_cp.14_7                            0x080006e8   Number         4  board.o(.text.board_bus_send)
    __arm_cp.14_8                            0x080006ec   Number         4  board.o(.text.board_bus_send)
    __arm_cp.14_9                            0x080006f0   Number         4  board.o(.text.board_bus_send)
    __arm_cp.14_10                           0x080006f4   Number         4  board.o(.text.board_bus_send)
    [Anonymous Symbol]                       0x080006f8   Section        0  board.o(.text.board_bus_take_fault)
    __arm_cp.13_0                            0x08000714   Number         4  board.o(.text.board_bus_take_fault)
    [Anonymous Symbol]                       0x08000718   Section        0  board.o(.text.board_delay_ms)
    __arm_cp.6_0                             0x0800072c   Number         4  board.o(.text.board_delay_ms)
    [Anonymous Symbol]                       0x08000730   Section        0  board.o(.text.board_init)
    __arm_cp.0_0                             0x08000a58   Number         4  board.o(.text.board_init)
    __arm_cp.0_1                             0x08000a5c   Number         4  board.o(.text.board_init)
    __arm_cp.0_2                             0x08000a60   Number         4  board.o(.text.board_init)
    __arm_cp.0_3                             0x08000a64   Number         4  board.o(.text.board_init)
    __arm_cp.0_4                             0x08000a68   Number         4  board.o(.text.board_init)
    __arm_cp.0_5                             0x08000a6c   Number         4  board.o(.text.board_init)
    __arm_cp.0_6                             0x08000a70   Number         4  board.o(.text.board_init)
    __arm_cp.0_7                             0x08000a74   Number         4  board.o(.text.board_init)
    __arm_cp.0_8                             0x08000a78   Number         4  board.o(.text.board_init)
    __arm_cp.0_9                             0x08000a7c   Number         4  board.o(.text.board_init)
    __arm_cp.0_10                            0x08000a80   Number         4  board.o(.text.board_init)
    __arm_cp.0_11                            0x08000a84   Number         4  board.o(.text.board_init)
    __arm_cp.0_12                            0x08000a88   Number         4  board.o(.text.board_init)
    __arm_cp.0_13                            0x08000a8c   Number         4  board.o(.text.board_init)
    __arm_cp.0_14                            0x08000a90   Number         4  board.o(.text.board_init)
    __arm_cp.0_15                            0x08000a94   Number         4  board.o(.text.board_init)
    __arm_cp.0_16                            0x08000a98   Number         4  board.o(.text.board_init)
    __arm_cp.0_17                            0x08000a9c   Number         4  board.o(.text.board_init)
    __arm_cp.0_18                            0x08000aa0   Number         4  board.o(.text.board_init)
    __arm_cp.0_19                            0x08000aa4   Number         4  board.o(.text.board_init)
    __arm_cp.0_20                            0x08000aa8   Number         4  board.o(.text.board_init)
    __arm_cp.0_21                            0x08000aac   Number         4  board.o(.text.board_init)
    __arm_cp.0_23                            0x08000ab0   Number         4  board.o(.text.board_init)
    __arm_cp.0_25                            0x08000ab4   Number         4  board.o(.text.board_init)
    __arm_cp.0_26                            0x08000ab8   Number         4  board.o(.text.board_init)
    [Anonymous Symbol]                       0x08000abc   Section        0  board.o(.text.board_log)
    __arm_cp.16_1                            0x08000b00   Number         4  board.o(.text.board_log)
    __arm_cp.16_2                            0x08000b04   Number         4  board.o(.text.board_log)
    __arm_cp.16_3                            0x08000b08   Number         4  board.o(.text.board_log)
    [Anonymous Symbol]                       0x08000b0c   Section        0  board.o(.text.board_log_getchar)
    __arm_cp.17_0                            0x08000b20   Number         4  board.o(.text.board_log_getchar)
    [Anonymous Symbol]                       0x08000b24   Section        0  board.o(.text.board_micros)
    __arm_cp.5_0                             0x08000b2c   Number         4  board.o(.text.board_micros)
    [Anonymous Symbol]                       0x08000b30   Section        0  board.o(.text.board_millis)
    __arm_cp.4_0                             0x08000b38   Number         4  board.o(.text.board_millis)
    [Anonymous Symbol]                       0x08000b3c   Section        0  board.o(.text.board_spi_read)
    [Anonymous Symbol]                       0x08000b58   Section        0  board.o(.text.board_spi_write)
    [Anonymous Symbol]                       0x08000b78   Section        0  board.o(.text.board_watchdog_feed)
    __arm_cp.7_0                             0x08000b80   Number         4  board.o(.text.board_watchdog_feed)
    __arm_cp.7_1                             0x08000b84   Number         4  board.o(.text.board_watchdog_feed)
    cancel_reply                             0x08000b89   Thumb Code    26  protocol.o(.text.cancel_reply)
    [Anonymous Symbol]                       0x08000b88   Section        0  protocol.o(.text.cancel_reply)
    [Anonymous Symbol]                       0x08000ba4   Section        0  control_table.o(.text.control_table_read)
    __arm_cp.0_0                             0x08000d50   Number         4  control_table.o(.text.control_table_read)
    __arm_cp.0_2                             0x08000d54   Number         4  control_table.o(.text.control_table_read)
    __arm_cp.0_3                             0x08000d58   Number         4  control_table.o(.text.control_table_read)
    __arm_cp.0_4                             0x08000d5c   Number         4  control_table.o(.text.control_table_read)
    [Anonymous Symbol]                       0x08000d60   Section        0  control_table.o(.text.control_table_write)
    __arm_cp.2_0                             0x08000d8c   Number         4  control_table.o(.text.control_table_write)
    fail                                     0x08000d91   Thumb Code    36  imu.o(.text.fail)
    [Anonymous Symbol]                       0x08000d90   Section        0  imu.o(.text.fail)
    [Anonymous Symbol]                       0x08000db4   Section        0  imu.o(.text.imu_get_snapshot)
    [Anonymous Symbol]                       0x08000df4   Section        0  imu.o(.text.imu_init)
    __arm_cp.0_1                             0x08000e24   Number         4  imu.o(.text.imu_init)
    __arm_cp.0_2                             0x08000e28   Number         4  imu.o(.text.imu_init)
    __arm_cp.0_3                             0x08000e2c   Number         4  imu.o(.text.imu_init)
    [Anonymous Symbol]                       0x08000e30   Section        0  imu.o(.text.imu_poll)
    __arm_cp.5_6                             0x08000f10   Number         4  imu.o(.text.imu_poll)
    __arm_cp.5_1                             0x08001220   Number         4  imu.o(.text.imu_poll)
    __arm_cp.5_2                             0x08001224   Number         4  imu.o(.text.imu_poll)
    __arm_cp.5_3                             0x08001228   Number         4  imu.o(.text.imu_poll)
    [Anonymous Symbol]                       0x0800122c   Section        0  imu.o(.text.imu_request_reinit)
    __arm_cp.4_0                             0x08001234   Number         4  imu.o(.text.imu_request_reinit)
    [Anonymous Symbol]                       0x08001238   Section        0  lsm6dsv16x_reg.o(.text.lsm6dsv16x_auto_increment_set)
    [Anonymous Symbol]                       0x08001270   Section        0  lsm6dsv16x_reg.o(.text.lsm6dsv16x_block_data_update_set)
    [Anonymous Symbol]                       0x080012a8   Section        0  lsm6dsv16x_reg.o(.text.lsm6dsv16x_device_id_get)
    [Anonymous Symbol]                       0x080012b6   Section        0  lsm6dsv16x_reg.o(.text.lsm6dsv16x_fifo_gy_batch_set)
    [Anonymous Symbol]                       0x080012ec   Section        0  lsm6dsv16x_reg.o(.text.lsm6dsv16x_fifo_mode_set)
    [Anonymous Symbol]                       0x08001324   Section        0  lsm6dsv16x_reg.o(.text.lsm6dsv16x_fifo_out_raw_get)
    [Anonymous Symbol]                       0x08001414   Section        0  lsm6dsv16x_reg.o(.text.lsm6dsv16x_fifo_sflp_batch_set)
    [Anonymous Symbol]                       0x0800146c   Section        0  lsm6dsv16x_reg.o(.text.lsm6dsv16x_fifo_status_get)
    [Anonymous Symbol]                       0x080014bc   Section        0  lsm6dsv16x_reg.o(.text.lsm6dsv16x_fifo_watermark_set)
    [Anonymous Symbol]                       0x080014cc   Section        0  lsm6dsv16x_reg.o(.text.lsm6dsv16x_fifo_xl_batch_set)
    [Anonymous Symbol]                       0x08001504   Section        0  lsm6dsv16x_reg.o(.text.lsm6dsv16x_from_f16_to_f32)
    __arm_cp.16_0                            0x08001560   Number         4  lsm6dsv16x_reg.o(.text.lsm6dsv16x_from_f16_to_f32)
    __arm_cp.16_1                            0x08001564   Number         4  lsm6dsv16x_reg.o(.text.lsm6dsv16x_from_f16_to_f32)
    [Anonymous Symbol]                       0x08001568   Section        0  lsm6dsv16x_reg.o(.text.lsm6dsv16x_gy_data_rate_get)
    [Anonymous Symbol]                       0x08001684   Section        0  lsm6dsv16x_reg.o(.text.lsm6dsv16x_gy_data_rate_set)
    [Anonymous Symbol]                       0x080016f8   Section        0  lsm6dsv16x_reg.o(.text.lsm6dsv16x_gy_full_scale_get)
    [Anonymous Symbol]                       0x08001734   Section        0  lsm6dsv16x_reg.o(.text.lsm6dsv16x_gy_full_scale_set)
    [Anonymous Symbol]                       0x0800176c   Section        0  lsm6dsv16x_reg.o(.text.lsm6dsv16x_mem_bank_set)
    [Anonymous Symbol]                       0x080017aa   Section        0  lsm6dsv16x_reg.o(.text.lsm6dsv16x_read_reg)
    [Anonymous Symbol]                       0x080017c0   Section        0  lsm6dsv16x_reg.o(.text.lsm6dsv16x_sflp_data_rate_set)
    [Anonymous Symbol]                       0x08001814   Section        0  lsm6dsv16x_reg.o(.text.lsm6dsv16x_sflp_game_rotation_get)
    [Anonymous Symbol]                       0x08001854   Section        0  lsm6dsv16x_reg.o(.text.lsm6dsv16x_sflp_game_rotation_set)
    [Anonymous Symbol]                       0x080018a8   Section        0  lsm6dsv16x_reg.o(.text.lsm6dsv16x_write_reg)
    [Anonymous Symbol]                       0x080018c0   Section        0  lsm6dsv16x_reg.o(.text.lsm6dsv16x_xl_data_rate_get)
    [Anonymous Symbol]                       0x080019dc   Section        0  lsm6dsv16x_reg.o(.text.lsm6dsv16x_xl_data_rate_set)
    [Anonymous Symbol]                       0x08001a4e   Section        0  lsm6dsv16x_reg.o(.text.lsm6dsv16x_xl_full_scale_get)
    [Anonymous Symbol]                       0x08001a72   Section        0  lsm6dsv16x_reg.o(.text.lsm6dsv16x_xl_full_scale_set)
    [Anonymous Symbol]                       0x08001aac   Section        0  main.o(.text.main)
    __arm_cp.0_0                             0x08001c18   Number         4  main.o(.text.main)
    __arm_cp.0_1                             0x08001c1c   Number         4  main.o(.text.main)
    __arm_cp.0_2                             0x08001c20   Number         4  main.o(.text.main)
    __arm_cp.0_3                             0x08001c24   Number         4  main.o(.text.main)
    __arm_cp.0_6                             0x08001ca8   Number         4  main.o(.text.main)
    __arm_cp.0_7                             0x08001cac   Number         4  main.o(.text.main)
    __arm_cp.0_8                             0x08001cb0   Number         4  main.o(.text.main)
    __arm_cp.0_9                             0x08001cb4   Number         4  main.o(.text.main)
    __arm_cp.0_10                            0x08001cb8   Number         4  main.o(.text.main)
    __arm_cp.0_11                            0x08001cbc   Number         4  main.o(.text.main)
    __arm_cp.0_12                            0x08001cc0   Number         4  main.o(.text.main)
    __arm_cp.0_13                            0x08001cc4   Number         4  main.o(.text.main)
    __arm_cp.0_14                            0x08001cc8   Number         4  main.o(.text.main)
    make_status                              0x08001ccd   Thumb Code   128  protocol.o(.text.make_status)
    [Anonymous Symbol]                       0x08001ccc   Section        0  protocol.o(.text.make_status)
    __arm_cp.7_0                             0x08001d4c   Number         4  protocol.o(.text.make_status)
    platform_read                            0x08001d51   Thumb Code    28  imu.o(.text.platform_read)
    [Anonymous Symbol]                       0x08001d50   Section        0  imu.o(.text.platform_read)
    platform_write                           0x08001d6d   Thumb Code    28  imu.o(.text.platform_write)
    [Anonymous Symbol]                       0x08001d6c   Section        0  imu.o(.text.platform_write)
    __arm_cp.2_0                             0x08001d88   Number         4  imu.o(.text.platform_write)
    [Anonymous Symbol]                       0x08001d8c   Section        0  protocol.o(.text.proto_crc16)
    __arm_cp.0_0                             0x08001dc0   Number         4  protocol.o(.text.proto_crc16)
    [Anonymous Symbol]                       0x08001dc4   Section        0  protocol.o(.text.proto_feed)
    __arm_cp.4_12                            0x080021c8   Number         4  protocol.o(.text.proto_feed)
    __arm_cp.4_13                            0x080021cc   Number         4  protocol.o(.text.proto_feed)
    __arm_cp.4_1                             0x08002284   Number         4  protocol.o(.text.proto_feed)
    __arm_cp.4_3                             0x08002288   Number         4  protocol.o(.text.proto_feed)
    __arm_cp.4_4                             0x0800228c   Number         4  protocol.o(.text.proto_feed)
    __arm_cp.4_5                             0x08002290   Number         4  protocol.o(.text.proto_feed)
    __arm_cp.4_7                             0x08002294   Number         4  protocol.o(.text.proto_feed)
    [Anonymous Symbol]                       0x08002298   Section        0  protocol.o(.text.proto_init)
    __arm_cp.3_0                             0x080022c4   Number         4  protocol.o(.text.proto_init)
    [Anonymous Symbol]                       0x080022c8   Section        0  protocol.o(.text.proto_poll)
    __arm_cp.5_0                             0x0800234c   Number         4  protocol.o(.text.proto_poll)
    __arm_cp.5_1                             0x08002350   Number         4  protocol.o(.text.proto_poll)
    __arm_cp.5_2                             0x08002354   Number         4  protocol.o(.text.proto_poll)
    [Anonymous Symbol]                       0x08002358   Section        0  protocol.o(.text.proto_reset_receiver)
    __arm_cp.1_0                             0x08002368   Number         4  protocol.o(.text.proto_reset_receiver)
    put32                                    0x0800236d   Thumb Code    20  control_table.o(.text.put32)
    [Anonymous Symbol]                       0x0800236c   Section        0  control_table.o(.text.put32)
    reply_error                              0x08002381   Thumb Code    36  protocol.o(.text.reply_error)
    [Anonymous Symbol]                       0x08002380   Section        0  protocol.o(.text.reply_error)
    __arm_cp.6_0                             0x080023a4   Number         4  protocol.o(.text.reply_error)
    __arm_cp.6_2                             0x080023a8   Number         4  protocol.o(.text.reply_error)
    reply_read                               0x080023ad   Thumb Code   320  protocol.o(.text.reply_read)
    [Anonymous Symbol]                       0x080023ac   Section        0  protocol.o(.text.reply_read)
    __arm_cp.8_0                             0x080024ec   Number         4  protocol.o(.text.reply_read)
    __arm_cp.8_1                             0x080024f0   Number         4  protocol.o(.text.reply_read)
    send_packet                              0x080024f5   Thumb Code    28  main.o(.text.send_packet)
    [Anonymous Symbol]                       0x080024f4   Section        0  main.o(.text.send_packet)
    spi_byte                                 0x08002511   Thumb Code    56  board.o(.text.spi_byte)
    [Anonymous Symbol]                       0x08002510   Section        0  board.o(.text.spi_byte)
    spi_init                                 0x08002549   Thumb Code    40  board.o(.text.spi_init)
    [Anonymous Symbol]                       0x08002548   Section        0  board.o(.text.spi_init)
    __arm_cp.1_0                             0x08002570   Number         4  board.o(.text.spi_init)
    __arm_cp.1_1                             0x08002574   Number         4  board.o(.text.spi_init)
    __arm_cp.1_2                             0x08002578   Number         4  board.o(.text.spi_init)
    spi_transfer                             0x0800257d   Thumb Code   168  board.o(.text.spi_transfer)
    [Anonymous Symbol]                       0x0800257c   Section        0  board.o(.text.spi_transfer)
    __arm_cp.9_0                             0x08002624   Number         4  board.o(.text.spi_transfer)
    __arm_cp.9_1                             0x08002628   Number         4  board.o(.text.spi_transfer)
    __arm_cp.9_2                             0x0800262c   Number         4  board.o(.text.spi_transfer)
    __arm_cp.9_3                             0x08002630   Number         4  board.o(.text.spi_transfer)
    start_boot                               0x08002635   Thumb Code    28  imu.o(.text.start_boot)
    [Anonymous Symbol]                       0x08002634   Section        0  imu.o(.text.start_boot)
    __arm_cp.3_0                             0x08002650   Number         4  imu.o(.text.start_boot)
    valid_id_list                            0x08002655   Thumb Code    80  protocol.o(.text.valid_id_list)
    [Anonymous Symbol]                       0x08002654   Section        0  protocol.o(.text.valid_id_list)
    wait_bits                                0x080026a5   Thumb Code    28  board.o(.text.wait_bits)
    [Anonymous Symbol]                       0x080026a4   Section        0  board.o(.text.wait_bits)
    __arm_cp.2_0                             0x080026c0   Number         4  board.o(.text.wait_bits)
    write_table                              0x080026c5   Thumb Code   112  protocol.o(.text.write_table)
    [Anonymous Symbol]                       0x080026c4   Section        0  protocol.o(.text.write_table)
    __arm_cp.9_0                             0x08002734   Number         4  protocol.o(.text.write_table)
    __arm_cp.9_1                             0x08002738   Number         4  protocol.o(.text.write_table)
    i.__0snprintf$8                          0x0800273c   Section        0  printf8.o(i.__0snprintf$8)
    i.__scatterload_copy                     0x08002774   Section       14  handlers.o(i.__scatterload_copy)
    i.__scatterload_null                     0x08002782   Section        2  handlers.o(i.__scatterload_null)
    i.__scatterload_zeroinit                 0x08002784   Section       14  handlers.o(i.__scatterload_zeroinit)
    _printf_core                             0x08002795   Thumb Code  1020  printf8.o(i._printf_core)
    i._printf_core                           0x08002794   Section        0  printf8.o(i._printf_core)
    _printf_post_padding                     0x08002bbd   Thumb Code    32  printf8.o(i._printf_post_padding)
    i._printf_post_padding                   0x08002bbc   Section        0  printf8.o(i._printf_post_padding)
    _printf_pre_padding                      0x08002bdd   Thumb Code    44  printf8.o(i._printf_pre_padding)
    i._printf_pre_padding                    0x08002bdc   Section        0  printf8.o(i._printf_pre_padding)
    _snputc                                  0x08002c09   Thumb Code    22  printf8.o(i._snputc)
    i._snputc                                0x08002c08   Section        0  printf8.o(i._snputc)
    proto_feed.header                        0x08002c60   Data           4  protocol.o(.rodata.proto_feed.header)
    [Anonymous Symbol]                       0x08002c60   Section        0  protocol.o(.rodata.proto_feed.header)
    [Anonymous Symbol]                       0x08002c64   Section        0  main.o(.rodata.str1.1)
    bus_fault                                0x20000004   Data           1  board.o(.bss..L_MergedGlobals)
    [Anonymous Symbol]                       0x20000004   Section        0  board.o(.bss..L_MergedGlobals)
    log_command                              0x20000005   Data           1  board.o(.bss..L_MergedGlobals)
    bus_head                                 0x20000006   Data           2  board.o(.bss..L_MergedGlobals)
    bus_tail                                 0x20000008   Data           2  board.o(.bss..L_MergedGlobals)
    log_head                                 0x2000000a   Data           2  board.o(.bss..L_MergedGlobals)
    log_tail                                 0x2000000c   Data           2  board.o(.bss..L_MergedGlobals)
    force_reinit                             0x2000003c   Data           1  imu.o(.bss..L_MergedGlobals)
    [Anonymous Symbol]                       0x2000003c   Section        0  imu.o(.bss..L_MergedGlobals)
    state                                    0x2000003d   Data           1  imu.o(.bss..L_MergedGlobals)
    config_step                              0x2000003e   Data           1  imu.o(.bss..L_MergedGlobals)
    have_gyro                                0x2000003f   Data           1  imu.o(.bss..L_MergedGlobals)
    have_quat                                0x20000040   Data           1  imu.o(.bss..L_MergedGlobals)
    last_poll_ms                             0x20000044   Data           4  imu.o(.bss..L_MergedGlobals)
    state_since                              0x20000048   Data           4  imu.o(.bss..L_MergedGlobals)
    run_since                                0x2000004c   Data           4  imu.o(.bss..L_MergedGlobals)
    ctx                                      0x20000050   Data          20  imu.o(.bss..L_MergedGlobals)
    sample                                   0x20000064   Data          60  imu.o(.bss..L_MergedGlobals)
    bus_rx                                   0x200000a0   Data         256  board.o(.bss.bus_rx)
    [Anonymous Symbol]                       0x200000a0   Section        0  board.o(.bss.bus_rx)
    bus_rx_time                              0x200001a0   Data        1024  board.o(.bss.bus_rx_time)
    [Anonymous Symbol]                       0x200001a0   Section        0  board.o(.bss.bus_rx_time)
    log_tx                                   0x200005a0   Data         512  board.o(.bss.log_tx)
    [Anonymous Symbol]                       0x200005a0   Section        0  board.o(.bss.log_tx)
    protocol                                 0x200007a0   Data        1088  main.o(.bss.protocol)
    [Anonymous Symbol]                       0x200007a0   Section        0  main.o(.bss.protocol)
    tick_ms                                  0x20000be0   Data           4  board.o(.bss.tick_ms)
    [Anonymous Symbol]                       0x20000be0   Section        0  board.o(.bss.tick_ms)
    user_marker                              0x20000be4   Data           1  control_table.o(.bss.user_marker)
    [Anonymous Symbol]                       0x20000be4   Section        0  control_table.o(.bss.user_marker)
    STACK                                    0x20001800   Section     2048  startup_stm32g031xx.o(STACK)

    Global Symbols

    Symbol Name                              Value     Ov Type        Size  Object(Section)

    BuildAttributes$$THM_ISAv3M$S$PE$A:L22$X:L11$S22$IEEE1$IW$USESV6$~STKCKD$USESV7$~SHL$OTIME$ROPI$EBA8$MICROLIB$REQ8$PRES8$EABIv2 0x00000000   Number         0  anon$$obj.o ABSOLUTE
    _printf_a                                0x00000000   Number         0  printfstubs.o ABSOLUTE
    _printf_c                                0x00000000   Number         0  printfstubs.o ABSOLUTE
    _printf_charcount                        0x00000000   Number         0  printfstubs.o ABSOLUTE
    _printf_d                                0x00000000   Number         0  printfstubs.o ABSOLUTE
    _printf_e                                0x00000000   Number         0  printfstubs.o ABSOLUTE
    _printf_f                                0x00000000   Number         0  printfstubs.o ABSOLUTE
    _printf_flags                            0x00000000   Number         0  printfstubs.o ABSOLUTE
    _printf_fp_dec                           0x00000000   Number         0  printfstubs.o ABSOLUTE
    _printf_fp_hex                           0x00000000   Number         0  printfstubs.o ABSOLUTE
    _printf_g                                0x00000000   Number         0  printfstubs.o ABSOLUTE
    _printf_i                                0x00000000   Number         0  printfstubs.o ABSOLUTE
    _printf_int_dec                          0x00000000   Number         0  printfstubs.o ABSOLUTE
    _printf_l                                0x00000000   Number         0  printfstubs.o ABSOLUTE
    _printf_lc                               0x00000000   Number         0  printfstubs.o ABSOLUTE
    _printf_ll                               0x00000000   Number         0  printfstubs.o ABSOLUTE
    _printf_lld                              0x00000000   Number         0  printfstubs.o ABSOLUTE
    _printf_lli                              0x00000000   Number         0  printfstubs.o ABSOLUTE
    _printf_llo                              0x00000000   Number         0  printfstubs.o ABSOLUTE
    _printf_llu                              0x00000000   Number         0  printfstubs.o ABSOLUTE
    _printf_llx                              0x00000000   Number         0  printfstubs.o ABSOLUTE
    _printf_longlong_dec                     0x00000000   Number         0  printfstubs.o ABSOLUTE
    _printf_longlong_hex                     0x00000000   Number         0  printfstubs.o ABSOLUTE
    _printf_longlong_oct                     0x00000000   Number         0  printfstubs.o ABSOLUTE
    _printf_ls                               0x00000000   Number         0  printfstubs.o ABSOLUTE
    _printf_mbtowc                           0x00000000   Number         0  printfstubs.o ABSOLUTE
    _printf_n                                0x00000000   Number         0  printfstubs.o ABSOLUTE
    _printf_o                                0x00000000   Number         0  printfstubs.o ABSOLUTE
    _printf_p                                0x00000000   Number         0  printfstubs.o ABSOLUTE
    _printf_percent                          0x00000000   Number         0  printfstubs.o ABSOLUTE
    _printf_pre_padding                      0x00000000   Number         0  printfstubs.o ABSOLUTE
    _printf_return_value                     0x00000000   Number         0  printfstubs.o ABSOLUTE
    _printf_s                                0x00000000   Number         0  printfstubs.o ABSOLUTE
    _printf_sizespec                         0x00000000   Number         0  printfstubs.o ABSOLUTE
    _printf_str                              0x00000000   Number         0  printfstubs.o ABSOLUTE
    _printf_truncate_signed                  0x00000000   Number         0  printfstubs.o ABSOLUTE
    _printf_truncate_unsigned                0x00000000   Number         0  printfstubs.o ABSOLUTE
    _printf_u                                0x00000000   Number         0  printfstubs.o ABSOLUTE
    _printf_wc                               0x00000000   Number         0  printfstubs.o ABSOLUTE
    _printf_wctomb                           0x00000000   Number         0  printfstubs.o ABSOLUTE
    _printf_widthprec                        0x00000000   Number         0  printfstubs.o ABSOLUTE
    _printf_x                                0x00000000   Number         0  printfstubs.o ABSOLUTE
    __cpp_initialize__aeabi_                  - Undefined Weak Reference
    __cxa_finalize                            - Undefined Weak Reference
    __decompress                              - Undefined Weak Reference
    _clock_init                               - Undefined Weak Reference
    _microlib_exit                            - Undefined Weak Reference
    __Vectors_Size                           0x000000c0   Number         0  startup_stm32g031xx.o ABSOLUTE
    __Vectors                                0x08000000   Data           4  startup_stm32g031xx.o(RESET)
    __Vectors_End                            0x080000c0   Data           0  startup_stm32g031xx.o(RESET)
    __main                                   0x080000c1   Thumb Code     0  entry.o(.ARM.Collect$$$$00000000)
    _main_stk                                0x080000c1   Thumb Code     0  entry4.o(.ARM.Collect$$$$00000003)
    _main_scatterload                        0x080000c5   Thumb Code     0  entry5.o(.ARM.Collect$$$$00000004)
    __main_after_scatterload                 0x080000c9   Thumb Code     0  entry5.o(.ARM.Collect$$$$00000004)
    _main_clock                              0x080000c9   Thumb Code     0  entry7b.o(.ARM.Collect$$$$00000008)
    _main_cpp_init                           0x080000c9   Thumb Code     0  entry8b.o(.ARM.Collect$$$$0000000A)
    _main_init                               0x080000c9   Thumb Code     0  entry9a.o(.ARM.Collect$$$$0000000B)
    __rt_final_cpp                           0x080000d1   Thumb Code     0  entry10a.o(.ARM.Collect$$$$0000000D)
    __rt_final_exit                          0x080000d1   Thumb Code     0  entry11a.o(.ARM.Collect$$$$0000000F)
    Reset_Handler                            0x080000d5   Thumb Code     8  startup_stm32g031xx.o(.text)
    NMI_Handler                              0x080000dd   Thumb Code     2  startup_stm32g031xx.o(.text)
    HardFault_Handler                        0x080000df   Thumb Code     2  startup_stm32g031xx.o(.text)
    SVC_Handler                              0x080000e1   Thumb Code     2  startup_stm32g031xx.o(.text)
    PendSV_Handler                           0x080000e3   Thumb Code     2  startup_stm32g031xx.o(.text)
    ADC1_IRQHandler                          0x080000e7   Thumb Code     0  startup_stm32g031xx.o(.text)
    DMA1_Ch4_5_DMAMUX1_OVR_IRQHandler        0x080000e7   Thumb Code     0  startup_stm32g031xx.o(.text)
    DMA1_Channel1_IRQHandler                 0x080000e7   Thumb Code     0  startup_stm32g031xx.o(.text)
    DMA1_Channel2_3_IRQHandler               0x080000e7   Thumb Code     0  startup_stm32g031xx.o(.text)
    EXTI0_1_IRQHandler                       0x080000e7   Thumb Code     0  startup_stm32g031xx.o(.text)
    EXTI2_3_IRQHandler                       0x080000e7   Thumb Code     0  startup_stm32g031xx.o(.text)
    EXTI4_15_IRQHandler                      0x080000e7   Thumb Code     0  startup_stm32g031xx.o(.text)
    FLASH_IRQHandler                         0x080000e7   Thumb Code     0  startup_stm32g031xx.o(.text)
    I2C1_IRQHandler                          0x080000e7   Thumb Code     0  startup_stm32g031xx.o(.text)
    I2C2_IRQHandler                          0x080000e7   Thumb Code     0  startup_stm32g031xx.o(.text)
    LPTIM1_IRQHandler                        0x080000e7   Thumb Code     0  startup_stm32g031xx.o(.text)
    LPTIM2_IRQHandler                        0x080000e7   Thumb Code     0  startup_stm32g031xx.o(.text)
    LPUART1_IRQHandler                       0x080000e7   Thumb Code     0  startup_stm32g031xx.o(.text)
    PVD_IRQHandler                           0x080000e7   Thumb Code     0  startup_stm32g031xx.o(.text)
    RCC_IRQHandler                           0x080000e7   Thumb Code     0  startup_stm32g031xx.o(.text)
    RTC_TAMP_IRQHandler                      0x080000e7   Thumb Code     0  startup_stm32g031xx.o(.text)
    SPI1_IRQHandler                          0x080000e7   Thumb Code     0  startup_stm32g031xx.o(.text)
    SPI2_IRQHandler                          0x080000e7   Thumb Code     0  startup_stm32g031xx.o(.text)
    TIM14_IRQHandler                         0x080000e7   Thumb Code     0  startup_stm32g031xx.o(.text)
    TIM16_IRQHandler                         0x080000e7   Thumb Code     0  startup_stm32g031xx.o(.text)
    TIM17_IRQHandler                         0x080000e7   Thumb Code     0  startup_stm32g031xx.o(.text)
    TIM1_BRK_UP_TRG_COM_IRQHandler           0x080000e7   Thumb Code     0  startup_stm32g031xx.o(.text)
    TIM1_CC_IRQHandler                       0x080000e7   Thumb Code     0  startup_stm32g031xx.o(.text)
    TIM2_IRQHandler                          0x080000e7   Thumb Code     0  startup_stm32g031xx.o(.text)
    TIM3_IRQHandler                          0x080000e7   Thumb Code     0  startup_stm32g031xx.o(.text)
    WWDG_IRQHandler                          0x080000e7   Thumb Code     0  startup_stm32g031xx.o(.text)
    ___aeabi_memcpy4$move                    0x080000f1   Thumb Code     0  memmovea.o(.text)
    ___aeabi_memcpy8$move                    0x080000f1   Thumb Code     0  memmovea.o(.text)
    __aeabi_memcpy                           0x080000f1   Thumb Code    64  memmovea.o(.text)
    __aeabi_memmove                          0x080000f1   Thumb Code     0  memmovea.o(.text)
    __aeabi_memmove4                         0x080000f1   Thumb Code     0  memmovea.o(.text)
    __aeabi_memmove8                         0x080000f1   Thumb Code     0  memmovea.o(.text)
    __aeabi_memset                           0x08000131   Thumb Code    14  memseta.o(.text)
    __aeabi_memset4                          0x08000131   Thumb Code     0  memseta.o(.text)
    __aeabi_memset8                          0x08000131   Thumb Code     0  memseta.o(.text)
    __aeabi_memclr                           0x0800013f   Thumb Code     4  memseta.o(.text)
    __aeabi_memclr4                          0x0800013f   Thumb Code     0  memseta.o(.text)
    __aeabi_memclr8                          0x0800013f   Thumb Code     0  memseta.o(.text)
    _memset$wrapper                          0x08000143   Thumb Code    18  memseta.o(.text)
    memcmp                                   0x08000155   Thumb Code    26  memcmp.o(.text)
    __aeabi_fadd                             0x0800016f   Thumb Code   162  fadd.o(.text)
    __aeabi_fsub                             0x08000211   Thumb Code     8  fadd.o(.text)
    __aeabi_frsub                            0x08000219   Thumb Code     8  fadd.o(.text)
    __aeabi_fmul                             0x08000221   Thumb Code   122  fmul.o(.text)
    __aeabi_fcmpgt                           0x0800029b   Thumb Code    28  fcmpgt.o(.text)
    __aeabi_uidiv                            0x080002b7   Thumb Code     0  uidiv_div0.o(.text)
    __aeabi_uidivmod                         0x080002b7   Thumb Code    62  uidiv_div0.o(.text)
    __aeabi_uldivmod                         0x080002f5   Thumb Code    96  uldiv.o(.text)
    __I$use$fp                               0x08000355   Thumb Code     0  iusefp.o(.text)
    _float_round                             0x08000355   Thumb Code    16  fepilogue.o(.text)
    _float_epilogue                          0x08000365   Thumb Code   114  fepilogue.o(.text)
    __scatterload                            0x080003d9   Thumb Code    38  init.o(.text)
    __scatterload_rt2                        0x080003d9   Thumb Code     0  init.o(.text)
    __aeabi_llsl                             0x08000409   Thumb Code    32  llshl.o(.text)
    _ll_shift_l                              0x08000409   Thumb Code     0  llshl.o(.text)
    __aeabi_llsr                             0x08000429   Thumb Code    34  llushr.o(.text)
    _ll_ushift_r                             0x08000429   Thumb Code     0  llushr.o(.text)
    SysTick_Handler                          0x0800044d   Thumb Code    12  board.o(.text.SysTick_Handler)
    SystemCoreClockUpdate                    0x08000459   Thumb Code   108  system_stm32g0xx.o(.text.SystemCoreClockUpdate)
    SystemInit                               0x080004d5   Thumb Code     2  system_stm32g0xx.o(.text.SystemInit)
    USART1_IRQHandler                        0x080004d9   Thumb Code    72  board.o(.text.USART1_IRQHandler)
    USART2_IRQHandler                        0x0800052d   Thumb Code    92  board.o(.text.USART2_IRQHandler)
    board_bus_pop                            0x08000589   Thumb Code    52  board.o(.text.board_bus_pop)
    board_bus_send                           0x080005c5   Thumb Code   268  board.o(.text.board_bus_send)
    board_bus_take_fault                     0x080006f9   Thumb Code    28  board.o(.text.board_bus_take_fault)
    board_delay_ms                           0x08000719   Thumb Code    20  board.o(.text.board_delay_ms)
    board_init                               0x08000731   Thumb Code   808  board.o(.text.board_init)
    board_log                                0x08000abd   Thumb Code    68  board.o(.text.board_log)
    board_log_getchar                        0x08000b0d   Thumb Code    20  board.o(.text.board_log_getchar)
    board_micros                             0x08000b25   Thumb Code     8  board.o(.text.board_micros)
    board_millis                             0x08000b31   Thumb Code     8  board.o(.text.board_millis)
    board_spi_read                           0x08000b3d   Thumb Code    28  board.o(.text.board_spi_read)
    board_spi_write                          0x08000b59   Thumb Code    30  board.o(.text.board_spi_write)
    board_watchdog_feed                      0x08000b79   Thumb Code     8  board.o(.text.board_watchdog_feed)
    control_table_read                       0x08000ba5   Thumb Code   428  control_table.o(.text.control_table_read)
    control_table_write                      0x08000d61   Thumb Code    44  control_table.o(.text.control_table_write)
    imu_get_snapshot                         0x08000db5   Thumb Code    64  imu.o(.text.imu_get_snapshot)
    imu_init                                 0x08000df5   Thumb Code    48  imu.o(.text.imu_init)
    imu_poll                                 0x08000e31   Thumb Code  1008  imu.o(.text.imu_poll)
    imu_request_reinit                       0x0800122d   Thumb Code     8  imu.o(.text.imu_request_reinit)
    lsm6dsv16x_auto_increment_set            0x08001239   Thumb Code    56  lsm6dsv16x_reg.o(.text.lsm6dsv16x_auto_increment_set)
    lsm6dsv16x_block_data_update_set         0x08001271   Thumb Code    56  lsm6dsv16x_reg.o(.text.lsm6dsv16x_block_data_update_set)
    lsm6dsv16x_device_id_get                 0x080012a9   Thumb Code    14  lsm6dsv16x_reg.o(.text.lsm6dsv16x_device_id_get)
    lsm6dsv16x_fifo_gy_batch_set             0x080012b7   Thumb Code    54  lsm6dsv16x_reg.o(.text.lsm6dsv16x_fifo_gy_batch_set)
    lsm6dsv16x_fifo_mode_set                 0x080012ed   Thumb Code    56  lsm6dsv16x_reg.o(.text.lsm6dsv16x_fifo_mode_set)
    lsm6dsv16x_fifo_out_raw_get              0x08001325   Thumb Code   240  lsm6dsv16x_reg.o(.text.lsm6dsv16x_fifo_out_raw_get)
    lsm6dsv16x_fifo_sflp_batch_set           0x08001415   Thumb Code    88  lsm6dsv16x_reg.o(.text.lsm6dsv16x_fifo_sflp_batch_set)
    lsm6dsv16x_fifo_status_get               0x0800146d   Thumb Code    80  lsm6dsv16x_reg.o(.text.lsm6dsv16x_fifo_status_get)
    lsm6dsv16x_fifo_watermark_set            0x080014bd   Thumb Code    16  lsm6dsv16x_reg.o(.text.lsm6dsv16x_fifo_watermark_set)
    lsm6dsv16x_fifo_xl_batch_set             0x080014cd   Thumb Code    56  lsm6dsv16x_reg.o(.text.lsm6dsv16x_fifo_xl_batch_set)
    lsm6dsv16x_from_f16_to_f32               0x08001505   Thumb Code    92  lsm6dsv16x_reg.o(.text.lsm6dsv16x_from_f16_to_f32)
    lsm6dsv16x_gy_data_rate_get              0x08001569   Thumb Code   284  lsm6dsv16x_reg.o(.text.lsm6dsv16x_gy_data_rate_get)
    lsm6dsv16x_gy_data_rate_set              0x08001685   Thumb Code   114  lsm6dsv16x_reg.o(.text.lsm6dsv16x_gy_data_rate_set)
    lsm6dsv16x_gy_full_scale_get             0x080016f9   Thumb Code    48  lsm6dsv16x_reg.o(.text.lsm6dsv16x_gy_full_scale_get)
    lsm6dsv16x_gy_full_scale_set             0x08001735   Thumb Code    56  lsm6dsv16x_reg.o(.text.lsm6dsv16x_gy_full_scale_set)
    lsm6dsv16x_mem_bank_set                  0x0800176d   Thumb Code    62  lsm6dsv16x_reg.o(.text.lsm6dsv16x_mem_bank_set)
    lsm6dsv16x_read_reg                      0x080017ab   Thumb Code    22  lsm6dsv16x_reg.o(.text.lsm6dsv16x_read_reg)
    lsm6dsv16x_sflp_data_rate_set            0x080017c1   Thumb Code    84  lsm6dsv16x_reg.o(.text.lsm6dsv16x_sflp_data_rate_set)
    lsm6dsv16x_sflp_game_rotation_get        0x08001815   Thumb Code    64  lsm6dsv16x_reg.o(.text.lsm6dsv16x_sflp_game_rotation_get)
    lsm6dsv16x_sflp_game_rotation_set        0x08001855   Thumb Code    84  lsm6dsv16x_reg.o(.text.lsm6dsv16x_sflp_game_rotation_set)
    lsm6dsv16x_write_reg                     0x080018a9   Thumb Code    22  lsm6dsv16x_reg.o(.text.lsm6dsv16x_write_reg)
    lsm6dsv16x_xl_data_rate_get              0x080018c1   Thumb Code   284  lsm6dsv16x_reg.o(.text.lsm6dsv16x_xl_data_rate_get)
    lsm6dsv16x_xl_data_rate_set              0x080019dd   Thumb Code   114  lsm6dsv16x_reg.o(.text.lsm6dsv16x_xl_data_rate_set)
    lsm6dsv16x_xl_full_scale_get             0x08001a4f   Thumb Code    36  lsm6dsv16x_reg.o(.text.lsm6dsv16x_xl_full_scale_get)
    lsm6dsv16x_xl_full_scale_set             0x08001a73   Thumb Code    56  lsm6dsv16x_reg.o(.text.lsm6dsv16x_xl_full_scale_set)
    main                                     0x08001aad   Thumb Code   364  main.o(.text.main)
    proto_crc16                              0x08001d8d   Thumb Code    52  protocol.o(.text.proto_crc16)
    proto_feed                               0x08001dc5   Thumb Code  1216  protocol.o(.text.proto_feed)
    proto_init                               0x08002299   Thumb Code    44  protocol.o(.text.proto_init)
    proto_poll                               0x080022c9   Thumb Code   132  protocol.o(.text.proto_poll)
    proto_reset_receiver                     0x08002359   Thumb Code    16  protocol.o(.text.proto_reset_receiver)
    __0snprintf$8                            0x0800273d   Thumb Code    50  printf8.o(i.__0snprintf$8)
    __1snprintf$8                            0x0800273d   Thumb Code     0  printf8.o(i.__0snprintf$8)
    __2snprintf                              0x0800273d   Thumb Code     0  printf8.o(i.__0snprintf$8)
    __scatterload_copy                       0x08002775   Thumb Code    14  handlers.o(i.__scatterload_copy)
    __scatterload_null                       0x08002783   Thumb Code     2  handlers.o(i.__scatterload_null)
    __scatterload_zeroinit                   0x08002785   Thumb Code    14  handlers.o(i.__scatterload_zeroinit)
    AHBPrescTable                            0x08002c20   Data          64  system_stm32g0xx.o(.rodata.AHBPrescTable)
    Region$$Table$$Base                      0x08002d38   Number         0  anon$$obj.o(Region$$Table)
    Region$$Table$$Limit                     0x08002d58   Number         0  anon$$obj.o(Region$$Table)
    SystemCoreClock                          0x20000000   Data           4  system_stm32g0xx.o(.data.SystemCoreClock)
    board_diagnostics                        0x20000010   Data          44  board.o(.bss..L_MergedGlobals)
    Image$$ARM_LIB_STACK$$ZI$$Limit          0x20002000   Number         0  anon$$obj.o ABSOLUTE
    __initial_sp                             0x20002000   Data           0  startup_stm32g031xx.o(STACK)



==============================================================================

Memory Map of the image

  Image Entry point : 0x080000d5

  Load Region LR_IROM1 (Base: 0x08000000, Size: 0x00002d5c, Max: 0x00010000, ABSOLUTE)

    Execution Region ER_IROM1 (Base: 0x08000000, Size: 0x00002d58, Max: 0x00010000, ABSOLUTE)

    Base Addr    Size         Type   Attr      Idx    E Section Name        Object

    0x08000000   0x000000c0   Data   RO          796    RESET               startup_stm32g031xx.o
    0x080000c0   0x00000000   Code   RO          803  * .ARM.Collect$$$$00000000  mc_p.l(entry.o)
    0x080000c0   0x00000004   Code   RO         1101    .ARM.Collect$$$$00000003  mc_p.l(entry4.o)
    0x080000c4   0x00000004   Code   RO         1104    .ARM.Collect$$$$00000004  mc_p.l(entry5.o)
    0x080000c8   0x00000000   Code   RO         1106    .ARM.Collect$$$$00000008  mc_p.l(entry7b.o)
    0x080000c8   0x00000000   Code   RO         1108    .ARM.Collect$$$$0000000A  mc_p.l(entry8b.o)
    0x080000c8   0x00000008   Code   RO         1109    .ARM.Collect$$$$0000000B  mc_p.l(entry9a.o)
    0x080000d0   0x00000000   Code   RO         1111    .ARM.Collect$$$$0000000D  mc_p.l(entry10a.o)
    0x080000d0   0x00000000   Code   RO         1113    .ARM.Collect$$$$0000000F  mc_p.l(entry11a.o)
    0x080000d0   0x00000004   Code   RO         1102    .ARM.Collect$$$$00002714  mc_p.l(entry4.o)
    0x080000d4   0x0000001c   Code   RO          797  * .text               startup_stm32g031xx.o
    0x080000f0   0x00000040   Code   RO          812    .text               mc_p.l(memmovea.o)
    0x08000130   0x00000024   Code   RO          814    .text               mc_p.l(memseta.o)
    0x08000154   0x0000001a   Code   RO          816    .text               mc_p.l(memcmp.o)
    0x0800016e   0x000000b2   Code   RO         1083    .text               mf_p.l(fadd.o)
    0x08000220   0x0000007a   Code   RO         1085    .text               mf_p.l(fmul.o)
    0x0800029a   0x0000001c   Code   RO         1093    .text               mf_p.l(fcmpgt.o)
    0x080002b6   0x0000003e   Code   RO         1122    .text               mc_p.l(uidiv_div0.o)
    0x080002f4   0x00000060   Code   RO         1128    .text               mc_p.l(uldiv.o)
    0x08000354   0x00000000   Code   RO         1130    .text               mc_p.l(iusefp.o)
    0x08000354   0x00000082   Code   RO         1131    .text               mf_p.l(fepilogue.o)
    0x080003d6   0x00000002   PAD
    0x080003d8   0x00000030   Code   RO         1143    .text               mc_p.l(init.o)
    0x08000408   0x00000020   Code   RO         1146    .text               mc_p.l(llshl.o)
    0x08000428   0x00000022   Code   RO         1148    .text               mc_p.l(llushr.o)
    0x0800044a   0x00000002   PAD
    0x0800044c   0x0000000c   Code   RO           23    .text.SysTick_Handler  board.o
    0x08000458   0x0000007c   Code   RO          782    .text.SystemCoreClockUpdate  system_stm32g0xx.o
    0x080004d4   0x00000002   Code   RO          780    .text.SystemInit    system_stm32g0xx.o
    0x080004d6   0x00000002   PAD
    0x080004d8   0x00000054   Code   RO           47    .text.USART1_IRQHandler  board.o
    0x0800052c   0x0000005c   Code   RO           39    .text.USART2_IRQHandler  board.o
    0x08000588   0x0000003c   Code   RO           41    .text.board_bus_pop  board.o
    0x080005c4   0x00000134   Code   RO           45    .text.board_bus_send  board.o
    0x080006f8   0x00000020   Code   RO           43    .text.board_bus_take_fault  board.o
    0x08000718   0x00000018   Code   RO           29    .text.board_delay_ms  board.o
    0x08000730   0x0000038c   Code   RO           17    .text.board_init    board.o
    0x08000abc   0x00000050   Code   RO           49    .text.board_log     board.o
    0x08000b0c   0x00000018   Code   RO           51    .text.board_log_getchar  board.o
    0x08000b24   0x0000000c   Code   RO           27    .text.board_micros  board.o
    0x08000b30   0x0000000c   Code   RO           25    .text.board_millis  board.o
    0x08000b3c   0x0000001c   Code   RO           33    .text.board_spi_read  board.o
    0x08000b58   0x0000001e   Code   RO           37    .text.board_spi_write  board.o
    0x08000b76   0x00000002   PAD
    0x08000b78   0x00000010   Code   RO           31    .text.board_watchdog_feed  board.o
    0x08000b88   0x0000001a   Code   RO          112    .text.cancel_reply  protocol.o
    0x08000ba2   0x00000002   PAD
    0x08000ba4   0x000001bc   Code   RO           68    .text.control_table_read  control_table.o
    0x08000d60   0x00000030   Code   RO           72    .text.control_table_write  control_table.o
    0x08000d90   0x00000024   Code   RO           95    .text.fail          imu.o
    0x08000db4   0x00000040   Code   RO           97    .text.imu_get_snapshot  imu.o
    0x08000df4   0x0000003c   Code   RO           83    .text.imu_init      imu.o
    0x08000e30   0x000003fc   Code   RO           93    .text.imu_poll      imu.o
    0x0800122c   0x0000000c   Code   RO           91    .text.imu_request_reinit  imu.o
    0x08001238   0x00000038   Code   RO          209    .text.lsm6dsv16x_auto_increment_set  lsm6dsv16x_reg.o
    0x08001270   0x00000038   Code   RO          213    .text.lsm6dsv16x_block_data_update_set  lsm6dsv16x_reg.o
    0x080012a8   0x0000000e   Code   RO          199    .text.lsm6dsv16x_device_id_get  lsm6dsv16x_reg.o
    0x080012b6   0x00000036   Code   RO          359    .text.lsm6dsv16x_fifo_gy_batch_set  lsm6dsv16x_reg.o
    0x080012ec   0x00000038   Code   RO          363    .text.lsm6dsv16x_fifo_mode_set  lsm6dsv16x_reg.o
    0x08001324   0x000000f0   Code   RO          393    .text.lsm6dsv16x_fifo_out_raw_get  lsm6dsv16x_reg.o
    0x08001414   0x00000058   Code   RO          411    .text.lsm6dsv16x_fifo_sflp_batch_set  lsm6dsv16x_reg.o
    0x0800146c   0x00000050   Code   RO          391    .text.lsm6dsv16x_fifo_status_get  lsm6dsv16x_reg.o
    0x080014bc   0x00000010   Code   RO          331    .text.lsm6dsv16x_fifo_watermark_set  lsm6dsv16x_reg.o
    0x080014cc   0x00000038   Code   RO          355    .text.lsm6dsv16x_fifo_xl_batch_set  lsm6dsv16x_reg.o
    0x08001504   0x00000064   Code   RO          171    .text.lsm6dsv16x_from_f16_to_f32  lsm6dsv16x_reg.o
    0x08001568   0x0000011c   Code   RO          185    .text.lsm6dsv16x_gy_data_rate_get  lsm6dsv16x_reg.o
    0x08001684   0x00000072   Code   RO          189    .text.lsm6dsv16x_gy_data_rate_set  lsm6dsv16x_reg.o
    0x080016f6   0x00000002   PAD
    0x080016f8   0x0000003c   Code   RO          231    .text.lsm6dsv16x_gy_full_scale_get  lsm6dsv16x_reg.o
    0x08001734   0x00000038   Code   RO          229    .text.lsm6dsv16x_gy_full_scale_set  lsm6dsv16x_reg.o
    0x0800176c   0x0000003e   Code   RO          195    .text.lsm6dsv16x_mem_bank_set  lsm6dsv16x_reg.o
    0x080017aa   0x00000016   Code   RO          139    .text.lsm6dsv16x_read_reg  lsm6dsv16x_reg.o
    0x080017c0   0x00000054   Code   RO          719    .text.lsm6dsv16x_sflp_data_rate_set  lsm6dsv16x_reg.o
    0x08001814   0x00000040   Code   RO          709    .text.lsm6dsv16x_sflp_game_rotation_get  lsm6dsv16x_reg.o
    0x08001854   0x00000054   Code   RO          707    .text.lsm6dsv16x_sflp_game_rotation_set  lsm6dsv16x_reg.o
    0x080018a8   0x00000016   Code   RO          141    .text.lsm6dsv16x_write_reg  lsm6dsv16x_reg.o
    0x080018be   0x00000002   PAD
    0x080018c0   0x0000011c   Code   RO          183    .text.lsm6dsv16x_xl_data_rate_get  lsm6dsv16x_reg.o
    0x080019dc   0x00000072   Code   RO          187    .text.lsm6dsv16x_xl_data_rate_set  lsm6dsv16x_reg.o
    0x08001a4e   0x00000024   Code   RO          235    .text.lsm6dsv16x_xl_full_scale_get  lsm6dsv16x_reg.o
    0x08001a72   0x00000038   Code   RO          233    .text.lsm6dsv16x_xl_full_scale_set  lsm6dsv16x_reg.o
    0x08001aaa   0x00000002   PAD
    0x08001aac   0x00000220   Code   RO            2    .text.main          main.o
    0x08001ccc   0x00000084   Code   RO          122    .text.make_status   protocol.o
    0x08001d50   0x0000001c   Code   RO           85    .text.platform_read  imu.o
    0x08001d6c   0x00000020   Code   RO           87    .text.platform_write  imu.o
    0x08001d8c   0x00000038   Code   RO          108    .text.proto_crc16   protocol.o
    0x08001dc4   0x000004d4   Code   RO          116    .text.proto_feed    protocol.o
    0x08002298   0x00000030   Code   RO          114    .text.proto_init    protocol.o
    0x080022c8   0x00000090   Code   RO          118    .text.proto_poll    protocol.o
    0x08002358   0x00000014   Code   RO          110    .text.proto_reset_receiver  protocol.o
    0x0800236c   0x00000014   Code   RO           70    .text.put32         control_table.o
    0x08002380   0x0000002c   Code   RO          120    .text.reply_error   protocol.o
    0x080023ac   0x00000148   Code   RO          124    .text.reply_read    protocol.o
    0x080024f4   0x0000001c   Code   RO            4    .text.send_packet   main.o
    0x08002510   0x00000038   Code   RO           53    .text.spi_byte      board.o
    0x08002548   0x00000034   Code   RO           19    .text.spi_init      board.o
    0x0800257c   0x000000b8   Code   RO           35    .text.spi_transfer  board.o
    0x08002634   0x00000020   Code   RO           89    .text.start_boot    imu.o
    0x08002654   0x00000050   Code   RO          128    .text.valid_id_list  protocol.o
    0x080026a4   0x00000020   Code   RO           21    .text.wait_bits     board.o
    0x080026c4   0x00000078   Code   RO          126    .text.write_table   protocol.o
    0x0800273c   0x00000038   Code   RO         1030    i.__0snprintf$8     mc_p.l(printf8.o)
    0x08002774   0x0000000e   Code   RO         1159    i.__scatterload_copy  mc_p.l(handlers.o)
    0x08002782   0x00000002   Code   RO         1160    i.__scatterload_null  mc_p.l(handlers.o)
    0x08002784   0x0000000e   Code   RO         1161    i.__scatterload_zeroinit  mc_p.l(handlers.o)
    0x08002792   0x00000002   PAD
    0x08002794   0x00000428   Code   RO         1036    i._printf_core      mc_p.l(printf8.o)
    0x08002bbc   0x00000020   Code   RO         1037    i._printf_post_padding  mc_p.l(printf8.o)
    0x08002bdc   0x0000002c   Code   RO         1038    i._printf_pre_padding  mc_p.l(printf8.o)
    0x08002c08   0x00000016   Code   RO         1039    i._snputc           mc_p.l(printf8.o)
    0x08002c1e   0x00000002   PAD
    0x08002c20   0x00000040   Data   RO          785    .rodata.AHBPrescTable  system_stm32g0xx.o
    0x08002c60   0x00000004   Data   RO          130    .rodata.proto_feed.header  protocol.o
    0x08002c64   0x000000d2   Data   RO            7    .rodata.str1.1      main.o
    0x08002d36   0x00000002   PAD
    0x08002d38   0x00000020   Data   RO         1158    Region$$Table       anon$$obj.o


    Execution Region RW_IRAM1 (Base: 0x20000000, Size: 0x00000be8, Max: 0x00001800, ABSOLUTE)

    Base Addr    Size         Type   Attr      Idx    E Section Name        Object

    0x20000000   0x00000004   Data   RW          784    .data.SystemCoreClock  system_stm32g0xx.o
    0x20000004   0x00000038   Zero   RW           59    .bss..L_MergedGlobals  board.o
    0x2000003c   0x00000064   Zero   RW           99    .bss..L_MergedGlobals  imu.o
    0x200000a0   0x00000100   Zero   RW           56    .bss.bus_rx         board.o
    0x200001a0   0x00000400   Zero   RW           57    .bss.bus_rx_time    board.o
    0x200005a0   0x00000200   Zero   RW           58    .bss.log_tx         board.o
    0x200007a0   0x00000440   Zero   RW            6    .bss.protocol       main.o
    0x20000be0   0x00000004   Zero   RW           55    .bss.tick_ms        board.o
    0x20000be4   0x00000001   Zero   RW           74    .bss.user_marker    control_table.o


    Execution Region ARM_LIB_STACK (Base: 0x20001800, Size: 0x00000800, Max: 0x00000800, ABSOLUTE, UNINIT)

    Base Addr    Size         Type   Attr      Idx    E Section Name        Object

    0x20001800   0x00000800   Zero   RW          794    STACK               startup_stm32g031xx.o


==============================================================================

Image component sizes


      Code (inc. data)   RO Data    RW Data    ZI Data      Debug   Object Name

      2046        232          0          0       1852      14841   board.o
       512         20          0          0          1       4195   control_table.o
      1284         84          0          0        100      11255   imu.o
      2158         74          0          0          0     158171   lsm6dsv16x_reg.o
       572        180        210          0       1088       3388   main.o
      2234        128          4          0          0      11899   protocol.o
        28          8        192          0       2048        708   startup_stm32g031xx.o
       126         20         64          4          0       2028   system_stm32g0xx.o

    ----------------------------------------------------------------------
      8972        746        504          4       5092     206485   Object Totals
         0          0         32          0          0          0   (incl. Generated)
        12          0          2          0          3          0   (incl. Padding)

    ----------------------------------------------------------------------

      Code (inc. data)   RO Data    RW Data    ZI Data      Debug   Library Member Name

         0          0          0          0          0          0   entry.o
         0          0          0          0          0          0   entry10a.o
         0          0          0          0          0          0   entry11a.o
         8          4          0          0          0          0   entry4.o
         4          0          0          0          0          0   entry5.o
         0          0          0          0          0          0   entry7b.o
         0          0          0          0          0          0   entry8b.o
         8          4          0          0          0          0   entry9a.o
        30          0          0          0          0          0   handlers.o
        48         10          0          0          0         68   init.o
         0          0          0          0          0          0   iusefp.o
        32          0          0          0          0         68   llshl.o
        34          0          0          0          0         68   llushr.o
        26          0          0          0          0         72   memcmp.o
        64          0          0          0          0         68   memmovea.o
        36          0          0          0          0        100   memseta.o
      1218         50          0          0          0        392   printf8.o
        62          0          0          0          0         72   uidiv_div0.o
        96          0          0          0          0         84   uldiv.o
       178          0          0          0          0        108   fadd.o
        28          0          0          0          0         60   fcmpgt.o
       130          0          0          0          0        144   fepilogue.o
       122          0          0          0          0         72   fmul.o

    ----------------------------------------------------------------------
      2132         68          0          0          0       1376   Library Totals
         8          0          0          0          0          0   (incl. Padding)

    ----------------------------------------------------------------------

      Code (inc. data)   RO Data    RW Data    ZI Data      Debug   Library Name

      1666         68          0          0          0        992   mc_p.l
       458          0          0          0          0        384   mf_p.l

    ----------------------------------------------------------------------
      2132         68          0          0          0       1376   Library Totals

    ----------------------------------------------------------------------

==============================================================================


      Code (inc. data)   RO Data    RW Data    ZI Data      Debug   

     11104        814        504          4       5092     207321   Grand Totals
     11104        814        504          4       5092     207321   ELF Image Totals
     11104        814        504          4          0          0   ROM Totals

==============================================================================

    Total RO  Size (Code + RO Data)                11608 (  11.34kB)
    Total RW  Size (RW Data + ZI Data)              5096 (   4.98kB)
    Total ROM Size (Code + RO Data + RW Data)      11612 (  11.34kB)

==============================================================================

